[Licensing::Module] Trying to connect to existing licensing client channel...
[Licensing::IpcConnector] Successfully connected to: "LicenseClient-jeron" at "2026-02-25T19:16:33.0183635Z"
Built from '6000.3/staging' branch; Version is '6000.3.8f1 (1c7db571dde0) revision 1867189'; Using compiler version '194234433'; Build Type 'Release'
OS: 'Windows 11  (10.0.26200) CoreSingleLanguage' Language: 'es' Physical Memory: 7975 MB
BatchMode: 1, IsHumanControllingUs: 0, StartBugReporterOnCrash: 0, Is64bit: 1
System  architecture: x64
Process architecture: x64
Date: 2026-02-25T19:16:33Z

COMMAND LINE ARGUMENTS:
C:\Program Files\Unity\Hub\Editor\6000.3.8f1\Editor\Unity.exe
-adb2
-batchMode
-noUpm
-name
AssetImportWorker1
-projectPath
C:/Users/jeron/Desktop/Unity/Proyectos/Juego
-logFile
Logs/AssetImportWorker1.log
-srvPort
50579
-job-worker-count
3
-background-job-worker-count
8
-gc-helper-count
1
-name
AssetImport
Successfully changed project path to: C:/Users/jeron/Desktop/Unity/Proyectos/Juego
C:/Users/jeron/Desktop/Unity/Proyectos/Juego
[UnityMemory] Configuration Parameters - Can be set up in boot.config
    "memorysetup-temp-allocator-size-nav-mesh-worker=65536"
    "memorysetup-temp-allocator-size-audio-worker=65536"
    "memorysetup-temp-allocator-size-gfx=262144"
    "memorysetup-allocator-temp-initial-block-size-main=262144"
    "memorysetup-allocator-temp-initial-block-size-worker=262144"
    "memorysetup-temp-allocator-size-background-worker=32768"
    "memorysetup-temp-allocator-size-job-worker=262144"
    "memorysetup-temp-allocator-size-preload-manager=33554432"
    "memorysetup-temp-allocator-size-gi-baking-worker=262144"
    "memorysetup-temp-allocator-size-gi-baking-worker=262144"
    "memorysetup-temp-allocator-size-gi-baking-worker=262144"
    "memorysetup-temp-allocator-size-gi-baking-worker=262144"
    "memorysetup-temp-allocator-size-gi-baking-worker=262144"
    "memorysetup-bucket-allocator-granularity=16"
    "memorysetup-bucket-allocator-bucket-count=8"
    "memorysetup-bucket-allocator-block-size=33554432"
    "memorysetup-bucket-allocator-block-count=8"
    "memorysetup-main-allocator-block-size=16777216"
    "memorysetup-thread-allocator-block-size=16777216"
    "memorysetup-gfx-main-allocator-block-size=16777216"
    "memorysetup-gfx-thread-allocator-block-size=16777216"
    "memorysetup-cache-allocator-block-size=4194304"
    "memorysetup-typetree-allocator-block-size=2097152"
    "memorysetup-profiler-bucket-allocator-granularity=16"
    "memorysetup-profiler-bucket-allocator-bucket-count=8"
    "memorysetup-profiler-bucket-allocator-block-size=33554432"
    "memorysetup-profiler-bucket-allocator-block-count=8"
    "memorysetup-profiler-allocator-block-size=16777216"
    "memorysetup-profiler-editor-allocator-block-size=1048576"
    "memorysetup-temp-allocator-size-main=16777216"
    "memorysetup-job-temp-allocator-block-size=2097152"
    "memorysetup-job-temp-allocator-block-size-background=1048576"
    "memorysetup-job-temp-allocator-reduction-small-platforms=262144"
    "memorysetup-temp-allocator-size-cloud-worker=32768"
Player connection [3256]  Target information:

Player connection [3256]  * "[IP] 192.168.1.63 [Port] 0 [Flags] 2 [Guid] 528818653 [EditorId] 528818653 [Version] 1048832 [Id] WindowsEditor(7,JeroPC) [Debug] 1 [PackageName] WindowsEditor [ProjectName] Editor" 

Player connection [3256] Host joined multi-casting on [225.0.0.222:54997]...
Player connection [3256] Host joined alternative multi-casting on [225.0.0.222:34997]...
JobSystem: Creating JobQueue using job-worker-count value 3
Input System module state changed to: Initialized.
[Physics::Module] Initialized fallback backend.
[Physics::Module] Id: 0xdecafbad
Library Redirect Path: Library/
[Physics::Module] Selected backend.
[Physics::Module] Name: PhysX
[Physics::Module] Id: 0xf2b8ea05
[Physics::Module] SDK Version: 4.1.2
[Physics::Module] Integration Version: 1.0.0
[Physics::Module] Threading Mode: Multi-Threaded
Refreshing native plugins compatible for Editor in 10.01 ms, found 3 plugins.
Preloading 0 native plugins for Editor in 0.00 ms.
Initialize engine version: 6000.3.8f1 (1c7db571dde0)
[Subsystems] Discovering subsystems at path C:/Program Files/Unity/Hub/Editor/6000.3.8f1/Editor/Data/Resources/UnitySubsystems
[Subsystems] Discovering subsystems at path C:/Users/jeron/Desktop/Unity/Proyectos/Juego/Assets
GfxDevice: creating device client; kGfxThreadingModeNonThreaded
Direct3D:
    Version:  Direct3D 11.0 [level 11.1]
    Renderer: NVIDIA GeForce GTX 1650 (ID=0x1f9d)
    Vendor:   NVIDIA
    VRAM:     3938 MB
    Driver:   32.0.15.9186
Initialize mono
Mono path[0] = 'C:/Program Files/Unity/Hub/Editor/6000.3.8f1/Editor/Data/Managed'
Mono path[1] = 'C:/Program Files/Unity/Hub/Editor/6000.3.8f1/Editor/Data/MonoBleedingEdge/lib/mono/unityjit-win32'
Mono config path = 'C:/Program Files/Unity/Hub/Editor/6000.3.8f1/Editor/Data/MonoBleedingEdge/etc'
Using monoOptions --debugger-agent=transport=dt_socket,embedding=1,server=y,suspend=n,address=127.0.0.1:56816
Begin MonoManager ReloadAssembly
Registering precompiled unity dll's ...
Register platform support module: C:/Program Files/Unity/Hub/Editor/6000.3.8f1/Editor/Data/PlaybackEngines/WebGLSupport/UnityEditor.WebGL.Extensions.dll
Register platform support module: C:/Program Files/Unity/Hub/Editor/6000.3.8f1/Editor/Data/PlaybackEngines/WindowsStandaloneSupport/UnityEditor.WindowsStandalone.Extensions.dll
Registered in 0.003352 seconds.
- Loaded All Assemblies, in  1.180 seconds
[Licensing::Client] Handshaking with LicensingClient:
  Version:                 1.17.4+4293ba1
  Session Id:              decfcfcd55254e438b599aa00e644a69
  Correlation Id:          6af417876d0db82690f16b290efed9ea
  External correlation Id: 3489738777179748769
  Machine Id:              CNCFTM8CpHHBqjuOvDec0QuTTpU=
[Licensing::Module] Successfully connected to LicensingClient on channel: "LicenseClient-jeron" (connect: 0.00s, validation: 0.03s, handshake: 2.37s)
[Licensing::IpcConnector] Successfully connected to: "LicenseClient-jeron-notifications" at "2026-02-25T19:16:35.4169603Z"
[Licensing::Module] Licensing Background thread has ended after 2.40s
Native extension for WindowsStandalone target not found
Native extension for WebGL target not found
ScheduleIndexationOnStartup MainProcess:False IndexOnStartup:True
Mono: successfully reloaded assembly
- Finished resetting the current domain, in  1.463 seconds
Domain Reload Profiling: 2641ms
	BeginReloadAssembly (313ms)
		ExecutionOrderSort (0ms)
		DisableScriptedObjects (0ms)
		BackupInstance (0ms)
		ReleaseScriptingObjects (0ms)
		CreateAndSetChildDomain (2ms)
	RebuildCommonClasses (80ms)
	RebuildNativeTypeToScriptingClass (23ms)
	initialDomainReloadingComplete (114ms)
	LoadAllAssembliesAndSetupDomain (646ms)
		LoadAssemblies (304ms)
		RebuildTransferFunctionScriptingTraits (0ms)
		AnalyzeDomain (639ms)
			TypeCache.Refresh (629ms)
				TypeCache.ScanAssembly (569ms)
			BuildScriptInfoCaches (1ms)
			ResolveRequiredComponents (2ms)
	FinalizeReload (1464ms)
		ReleaseScriptCaches (0ms)
		RebuildScriptCaches (0ms)
		SetupLoadedEditorAssemblies (1235ms)
			LogAssemblyErrors (0ms)
			InitializePlatformSupportModulesInManaged (185ms)
			SetLoadedEditorAssemblies (9ms)
			BeforeProcessingInitializeOnLoad (552ms)
			ProcessInitializeOnLoadAttributes (319ms)
			ProcessInitializeOnLoadMethodAttributes (169ms)
			AfterProcessingInitializeOnLoad (0ms)
			EditorAssembliesLoaded (0ms)
		ExecutionOrderSort2 (0ms)
		AwakeInstancesAfterBackupRestoration (0ms)
========================================================================
Worker process is ready to serve import requests
Import Worker Mode flag is 0x00
Begin MonoManager ReloadAssembly
[Licensing::Client] Successfully resolved entitlement details
[Licensing::Module] License group:
  Id: 4674143045467-UnityPersXXXX
  Product: Unity Personal
  Type: Assigned
  Expiration: Unlimited
- Loaded All Assemblies, in  1.638 seconds
Refreshing native plugins compatible for Editor in 1.34 ms, found 3 plugins.
Native extension for WindowsStandalone target not found
Native extension for WebGL target not found
Package Manager log level set to [2]
[Package Manager] Failed to launch server process. Reason: Unity was launched with the -noUpm command-line argument
[Package Manager] Unable to send message (not connected to server process).
[Package Manager] Cannot connect to Unity Package Manager local server
ScheduleIndexationOnStartup MainProcess:False IndexOnStartup:True
Mono: successfully reloaded assembly
- Finished resetting the current domain, in  1.742 seconds
Domain Reload Profiling: 3376ms
	BeginReloadAssembly (452ms)
		ExecutionOrderSort (0ms)
		DisableScriptedObjects (11ms)
		BackupInstance (0ms)
		ReleaseScriptingObjects (0ms)
		CreateAndSetChildDomain (97ms)
	RebuildCommonClasses (68ms)
	RebuildNativeTypeToScriptingClass (22ms)
	initialDomainReloadingComplete (65ms)
	LoadAllAssembliesAndSetupDomain (1025ms)
		LoadAssemblies (700ms)
		RebuildTransferFunctionScriptingTraits (0ms)
		AnalyzeDomain (571ms)
			TypeCache.Refresh (400ms)
				TypeCache.ScanAssembly (372ms)
			BuildScriptInfoCaches (134ms)
			ResolveRequiredComponents (29ms)
	FinalizeReload (1744ms)
		ReleaseScriptCaches (0ms)
		RebuildScriptCaches (0ms)
		SetupLoadedEditorAssemblies (1291ms)
			LogAssemblyErrors (0ms)
			InitializePlatformSupportModulesInManaged (6ms)
			SetLoadedEditorAssemblies (12ms)
			BeforeProcessingInitializeOnLoad (303ms)
			ProcessInitializeOnLoadAttributes (795ms)
			ProcessInitializeOnLoadMethodAttributes (164ms)
			AfterProcessingInitializeOnLoad (11ms)
			EditorAssembliesLoaded (0ms)
		ExecutionOrderSort2 (0ms)
		AwakeInstancesAfterBackupRestoration (14ms)
Launched and connected shader compiler UnityShaderCompiler.exe after 0.09 seconds
Refreshing native plugins compatible for Editor in 4.34 ms, found 3 plugins.
Preloading 0 native plugins for Editor in 0.00 ms.
Unloading 16 Unused Serialized files (Serialized files now loaded: 0)
Unloading 6245 unused Assets / (3.7 MB). Loaded Objects now: 7132.
Memory consumption went from 163.6 MB to 160.0 MB.
Total: 27.394600 ms (FindLiveObjects: 3.438200 ms CreateObjectMapping: 4.351000 ms MarkObjects: 13.261700 ms  DeleteObjects: 6.338600 ms)

========================================================================
Received Import Request.
  Time since last request: 104501.195374 seconds.
  path: Assets/First_Person/FirstPersonControllerPro/Prefab_polygon
  artifactKey: Guid(ce6c79867516a3b4aa7412e5e4720c49) Importer(2089858483,b0f066a214c2f5e87bad3c948f4d605d)
Start importing Assets/First_Person/FirstPersonControllerPro/Prefab_polygon using Guid(ce6c79867516a3b4aa7412e5e4720c49) Importer(2089858483,b0f066a214c2f5e87bad3c948f4d605d) (ScriptedImporter) -> (artifact id: '08a1b5193081b5f2979233eb14e16fd9') in 0.1405396 seconds
Number of updated asset objects reloaded before import = 0Number of asset objects unloaded after import = 1

========================================================================
Received Import Request.
  Time since last request: 0.000044 seconds.
  path: Assets/Cielo/Deep Dusk
  artifactKey: Guid(6e2365a3b549547b998c293780300ffe) Importer(2089858483,b0f066a214c2f5e87bad3c948f4d605d)
Start importing Assets/Cielo/Deep Dusk using Guid(6e2365a3b549547b998c293780300ffe) Importer(2089858483,b0f066a214c2f5e87bad3c948f4d605d) (ScriptedImporter) -> (artifact id: 'b1a4dd2236717f887c8f30c890f4b485') in 0.0291085 seconds
Number of updated asset objects reloaded before import = 0Number of asset objects unloaded after import = 1

========================================================================
Received Import Request.
  Time since last request: 0.000072 seconds.
  path: Assets/First_Person/FirstPersonControllerPro/Scenes/Polugon_test_Profiles
  artifactKey: Guid(415bd632ec8f63348b4cfd79bb6f55c4) Importer(2089858483,b0f066a214c2f5e87bad3c948f4d605d)
Start importing Assets/First_Person/FirstPersonControllerPro/Scenes/Polugon_test_Profiles using Guid(415bd632ec8f63348b4cfd79bb6f55c4) Importer(2089858483,b0f066a214c2f5e87bad3c948f4d605d) (ScriptedImporter) -> (artifact id: '4d45789aab90e1e08c8ebc46e30e3851') in 0.0066877 seconds
Number of updated asset objects reloaded before import = 0Number of asset objects unloaded after import = 1

========================================================================
Received Import Request.
  Time since last request: 0.000023 seconds.
  path: Assets/Slender/Slender/Mesh
  artifactKey: Guid(d39aa4c7b52f4150968c561a3e19e3c3) Importer(2089858483,b0f066a214c2f5e87bad3c948f4d605d)
Start importing Assets/Slender/Slender/Mesh using Guid(d39aa4c7b52f4150968c561a3e19e3c3) Importer(2089858483,b0f066a214c2f5e87bad3c948f4d605d) (ScriptedImporter) -> (artifact id: 'a433fa2abafce71fceacaf5c971e6ae1') in 0.0111454 seconds
Number of updated asset objects reloaded before import = 0Number of asset objects unloaded after import = 1

========================================================================
Received Import Request.
  Time since last request: 0.000063 seconds.
  path: Assets/Scenes/SampleScene.unity
  artifactKey: Guid(99c9720ab356a0642a771bea13969a05) Importer(2089858483,b0f066a214c2f5e87bad3c948f4d605d)
Start importing Assets/Scenes/SampleScene.unity using Guid(99c9720ab356a0642a771bea13969a05) Importer(2089858483,b0f066a214c2f5e87bad3c948f4d605d) (ScriptedImporter) -> (artifact id: '05bb6e6c445783e57dc25556aa8b89fa') in 0.0722791 seconds
Number of updated asset objects reloaded before import = 0Number of asset objects unloaded after import = 1

========================================================================
Received Import Request.
  Time since last request: 0.000064 seconds.
  path: Assets/ALP_Assets/Poplar Tree FREE/Core/Scripts/Controller/Editor/ALP8310_ControllerGlobalEditor.cs
  artifactKey: Guid(89381d9b6464e19419a92091de6058a2) Importer(2089858483,b0f066a214c2f5e87bad3c948f4d605d)
Start importing Assets/ALP_Assets/Poplar Tree FREE/Core/Scripts/Controller/Editor/ALP8310_ControllerGlobalEditor.cs using Guid(89381d9b6464e19419a92091de6058a2) Importer(2089858483,b0f066a214c2f5e87bad3c948f4d605d) (ScriptedImporter) -> (artifact id: '00b318e71083511d853ccdb16aa2937e') in 0.0876222 seconds
Number of updated asset objects reloaded before import = 0Number of asset objects unloaded after import = 0

========================================================================
Received Import Request.
  Time since last request: 0.000040 seconds.
  path: Assets/Suelo/Materials
  artifactKey: Guid(fd244097e34e65641905920ddbb5b06d) Importer(2089858483,b0f066a214c2f5e87bad3c948f4d605d)
Start importing Assets/Suelo/Materials using Guid(fd244097e34e65641905920ddbb5b06d) Importer(2089858483,b0f066a214c2f5e87bad3c948f4d605d) (ScriptedImporter) -> (artifact id: 'ec681227ee632b88ad5b891a59f7388a') in 0.0091391 seconds
Number of updated asset objects reloaded before import = 0Number of asset objects unloaded after import = 1

========================================================================
Received Import Request.
  Time since last request: 0.000039 seconds.
  path: Assets/Slender/Slender/Animations
  artifactKey: Guid(6d4704b85ba04d3b9f9e609572915597) Importer(2089858483,b0f066a214c2f5e87bad3c948f4d605d)
Start importing Assets/Slender/Slender/Animations using Guid(6d4704b85ba04d3b9f9e609572915597) Importer(2089858483,b0f066a214c2f5e87bad3c948f4d605d) (ScriptedImporter) -> (artifact id: 'ec6afdd2abb1aea41913d41288bfbff5') in 0.0100969 seconds
Number of updated asset objects reloaded before import = 0Number of asset objects unloaded after import = 1

========================================================================
Received Import Request.
  Time since last request: 0.000045 seconds.
  path: Assets/TerrainData_72cd6966-4fcd-404a-8336-e07d8754db39.asset
  artifactKey: Guid(0bfec0a4d7249db48a25edbba6bdd125) Importer(815301076,1909f56bfc062723c751e8b465ee728b)
Start importing Assets/TerrainData_72cd6966-4fcd-404a-8336-e07d8754db39.asset using Guid(0bfec0a4d7249db48a25edbba6bdd125) Importer(815301076,1909f56bfc062723c751e8b465ee728b) (PreviewImporter) -> (artifact id: '373826b78aed2fead50f1e7e4ffd766b') in 0.0465495 seconds
Number of updated asset objects reloaded before import = 0Number of asset objects unloaded after import = 1

========================================================================
Received Import Request.
  Time since last request: 0.000028 seconds.
  path: Assets/ALP_Assets/Poplar Tree FREE/Models/Textures
  artifactKey: Guid(e20899b682a24294983f8a0ca9b4b08b) Importer(2089858483,b0f066a214c2f5e87bad3c948f4d605d)
Start importing Assets/ALP_Assets/Poplar Tree FREE/Models/Textures using Guid(e20899b682a24294983f8a0ca9b4b08b) Importer(2089858483,b0f066a214c2f5e87bad3c948f4d605d) (ScriptedImporter) -> (artifact id: '53f0c2fb7be169e41ec0c888b37e78ea') in 0.0108459 seconds
Number of updated asset objects reloaded before import = 0Number of asset objects unloaded after import = 1

========================================================================
Received Import Request.
  Time since last request: 0.000034 seconds.
  path: Assets/ALP_Assets/Poplar Tree FREE/Core/Scripts/Controller/ALP8310_ControllerGlobal.cs
  artifactKey: Guid(60bc5f3d16a5ecd45b1350b99c4a0b1d) Importer(2089858483,b0f066a214c2f5e87bad3c948f4d605d)
Start importing Assets/ALP_Assets/Poplar Tree FREE/Core/Scripts/Controller/ALP8310_ControllerGlobal.cs using Guid(60bc5f3d16a5ecd45b1350b99c4a0b1d) Importer(2089858483,b0f066a214c2f5e87bad3c948f4d605d) (ScriptedImporter) -> (artifact id: '64c40112ca5dd97d0a1ae1fe3dc99d47') in 0.0108723 seconds
Number of updated asset objects reloaded before import = 0Number of asset objects unloaded after import = 0

========================================================================
Received Import Request.
  Time since last request: 0.000056 seconds.
  path: Assets/First_Person/FirstPersonControllerPro/Player/Song
  artifactKey: Guid(48583d1a1b326994983e2b968679d64e) Importer(2089858483,b0f066a214c2f5e87bad3c948f4d605d)
Start importing Assets/First_Person/FirstPersonControllerPro/Player/Song using Guid(48583d1a1b326994983e2b968679d64e) Importer(2089858483,b0f066a214c2f5e87bad3c948f4d605d) (ScriptedImporter) -> (artifact id: 'ebab746a207c14d6069a2a389c8b3dae') in 0.0085349 seconds
Number of updated asset objects reloaded before import = 0Number of asset objects unloaded after import = 1

========================================================================
Received Import Request.
  Time since last request: 0.000071 seconds.
  path: Assets/ALP_Assets/GrassFlowersFREE/Demo
  artifactKey: Guid(90a98d1ca0ff3f34b817aee6ee27e766) Importer(2089858483,b0f066a214c2f5e87bad3c948f4d605d)
Start importing Assets/ALP_Assets/GrassFlowersFREE/Demo using Guid(90a98d1ca0ff3f34b817aee6ee27e766) Importer(2089858483,b0f066a214c2f5e87bad3c948f4d605d) (ScriptedImporter) -> (artifact id: 'b86147c693025ce20bb9815678116e92') in 0.0081415 seconds
Number of updated asset objects reloaded before import = 0Number of asset objects unloaded after import = 1

========================================================================
Received Import Request.
  Time since last request: 0.000032 seconds.
  path: Assets/Slender/Example/Environment/Standard Assets/Effects/ImageEffects
  artifactKey: Guid(7d75e9b62a1e44c8805ab51342b2c8a8) Importer(2089858483,b0f066a214c2f5e87bad3c948f4d605d)
Start importing Assets/Slender/Example/Environment/Standard Assets/Effects/ImageEffects using Guid(7d75e9b62a1e44c8805ab51342b2c8a8) Importer(2089858483,b0f066a214c2f5e87bad3c948f4d605d) (ScriptedImporter) -> (artifact id: '2112afd45abd535e52916509574d7496') in 0.0094194 seconds
Number of updated asset objects reloaded before import = 0Number of asset objects unloaded after import = 1

========================================================================
Received Import Request.
  Time since last request: 0.000045 seconds.
  path: Assets/ALP_Assets/Poplar Tree FREE/Core/Scripts/Global Lighting/Editor/ALP8310_GlobalLightingWindow.cs
  artifactKey: Guid(07e4e5b34daac5a44a3832e4ff902b20) Importer(2089858483,b0f066a214c2f5e87bad3c948f4d605d)
Start importing Assets/ALP_Assets/Poplar Tree FREE/Core/Scripts/Global Lighting/Editor/ALP8310_GlobalLightingWindow.cs using Guid(07e4e5b34daac5a44a3832e4ff902b20) Importer(2089858483,b0f066a214c2f5e87bad3c948f4d605d) (ScriptedImporter) -> (artifact id: '6d0d8059bb562064cfa57dd7d866cd0b') in 0.007411 seconds
Number of updated asset objects reloaded before import = 0Number of asset objects unloaded after import = 0

========================================================================
Received Import Request.
  Time since last request: 0.000053 seconds.
  path: Assets/First_Person/FirstPersonControllerPro/Mesh
  artifactKey: Guid(0594c563316f20e4e8f7d6333a12a8f1) Importer(2089858483,b0f066a214c2f5e87bad3c948f4d605d)
Start importing Assets/First_Person/FirstPersonControllerPro/Mesh using Guid(0594c563316f20e4e8f7d6333a12a8f1) Importer(2089858483,b0f066a214c2f5e87bad3c948f4d605d) (ScriptedImporter) -> (artifact id: '0194f7d6b28ae352603151fab524921d') in 0.0055347 seconds
Number of updated asset objects reloaded before import = 0Number of asset objects unloaded after import = 1

========================================================================
Received Import Request.
  Time since last request: 0.000019 seconds.
  path: Assets/ALP_Assets/Poplar Tree FREE/Core/Scripts/GUI/Editor/ALP8310_ShaderGUI.cs
  artifactKey: Guid(d989b9ab360fa0640a2d22ea36aeb4d5) Importer(2089858483,b0f066a214c2f5e87bad3c948f4d605d)
Start importing Assets/ALP_Assets/Poplar Tree FREE/Core/Scripts/GUI/Editor/ALP8310_ShaderGUI.cs using Guid(d989b9ab360fa0640a2d22ea36aeb4d5) Importer(2089858483,b0f066a214c2f5e87bad3c948f4d605d) (ScriptedImporter) -> (artifact id: 'f88bdd16ae77a5c1c8a152cb89db40cb') in 0.0064802 seconds
Number of updated asset objects reloaded before import = 0Number of asset objects unloaded after import = 0

========================================================================
Received Import Request.
  Time since last request: 0.000044 seconds.
  path: Assets/ALP_Assets/Poplar Tree FREE/Core/Scripts/Controller/Editor/ALP8310_ControllerGlobal.Editor.asmdef
  artifactKey: Guid(b799570f1d290394792b20b16cc7b6c3) Importer(2089858483,b0f066a214c2f5e87bad3c948f4d605d)
Start importing Assets/ALP_Assets/Poplar Tree FREE/Core/Scripts/Controller/Editor/ALP8310_ControllerGlobal.Editor.asmdef using Guid(b799570f1d290394792b20b16cc7b6c3) Importer(2089858483,b0f066a214c2f5e87bad3c948f4d605d) (ScriptedImporter) -> (artifact id: '61f6307f87f976b19eade039114649dd') in 0.0106933 seconds
Number of updated asset objects reloaded before import = 0Number of asset objects unloaded after import = 1

========================================================================
Received Import Request.
  Time since last request: 0.000048 seconds.
  path: Assets/Cielo/Cold Night
  artifactKey: Guid(5002a90c1ac5742af853cc504426d653) Importer(2089858483,b0f066a214c2f5e87bad3c948f4d605d)
Start importing Assets/Cielo/Cold Night using Guid(5002a90c1ac5742af853cc504426d653) Importer(2089858483,b0f066a214c2f5e87bad3c948f4d605d) (ScriptedImporter) -> (artifact id: '130d1f8c87515a2f3752d8f67af1b8ed') in 0.0075923 seconds
Number of updated asset objects reloaded before import = 0Number of asset objects unloaded after import = 1

========================================================================
Received Import Request.
  Time since last request: 0.000046 seconds.
  path: Assets/ALP_Assets/Poplar Tree FREE/Core/Scripts/Global Lighting/Editor/ALP8310_LightsSettings.cs
  artifactKey: Guid(2de8351d56d3a4f4680ce1c1d2156772) Importer(2089858483,b0f066a214c2f5e87bad3c948f4d605d)
Start importing Assets/ALP_Assets/Poplar Tree FREE/Core/Scripts/Global Lighting/Editor/ALP8310_LightsSettings.cs using Guid(2de8351d56d3a4f4680ce1c1d2156772) Importer(2089858483,b0f066a214c2f5e87bad3c948f4d605d) (ScriptedImporter) -> (artifact id: 'b4f894ed22c282613df91593889752e1') in 0.006491 seconds
Number of updated asset objects reloaded before import = 0Number of asset objects unloaded after import = 0

========================================================================
Received Import Request.
  Time since last request: 0.000025 seconds.
  path: Assets/Slender/Example/Environment/Standard Assets/Effects/ImageEffects/Scripts
  artifactKey: Guid(eb8dc4ec0849416baaa37c716b011533) Importer(2089858483,b0f066a214c2f5e87bad3c948f4d605d)
Start importing Assets/Slender/Example/Environment/Standard Assets/Effects/ImageEffects/Scripts using Guid(eb8dc4ec0849416baaa37c716b011533) Importer(2089858483,b0f066a214c2f5e87bad3c948f4d605d) (ScriptedImporter) -> (artifact id: 'b7202a31afc3bab0bcb65721121720d2') in 0.0060179 seconds
Number of updated asset objects reloaded before import = 0Number of asset objects unloaded after import = 1

========================================================================
Received Import Request.
  Time since last request: 0.000027 seconds.
  path: Assets/Scenes
  artifactKey: Guid(cac7ba56c5628a54aab352c126890b1f) Importer(2089858483,b0f066a214c2f5e87bad3c948f4d605d)
Start importing Assets/Scenes using Guid(cac7ba56c5628a54aab352c126890b1f) Importer(2089858483,b0f066a214c2f5e87bad3c948f4d605d) (ScriptedImporter) -> (artifact id: '76627eaa7f8c50317303d4ca71c173e3') in 0.0059023 seconds
Number of updated asset objects reloaded before import = 0Number of asset objects unloaded after import = 1

========================================================================
Received Import Request.
  Time since last request: 0.000030 seconds.
  path: Assets/TutorialInfo/Scripts/Editor
  artifactKey: Guid(3ad9b87dffba344c89909c6d1b1c17e1) Importer(2089858483,b0f066a214c2f5e87bad3c948f4d605d)
Start importing Assets/TutorialInfo/Scripts/Editor using Guid(3ad9b87dffba344c89909c6d1b1c17e1) Importer(2089858483,b0f066a214c2f5e87bad3c948f4d605d) (ScriptedImporter) -> (artifact id: '98ae5159d928f7c3255756a010514287') in 0.0051288 seconds
Number of updated asset objects reloaded before import = 0Number of asset objects unloaded after import = 1

========================================================================
Received Import Request.
  Time since last request: 0.000083 seconds.
  path: Assets/Readme.asset
  artifactKey: Guid(8105016687592461f977c054a80ce2f2) Importer(815301076,1909f56bfc062723c751e8b465ee728b)
Start importing Assets/Readme.asset using Guid(8105016687592461f977c054a80ce2f2) Importer(815301076,1909f56bfc062723c751e8b465ee728b) (PreviewImporter) -> (artifact id: '50ea5ad2cda8720781b90d71f311d8d1') in 0.008986 seconds
Number of updated asset objects reloaded before import = 0Number of asset objects unloaded after import = 2

========================================================================
Received Import Request.
  Time since last request: 0.000029 seconds.
  path: Assets/Slender/Slender/Sounds
  artifactKey: Guid(944e80542a49435aad8dffac4e0d2b74) Importer(2089858483,b0f066a214c2f5e87bad3c948f4d605d)
Start importing Assets/Slender/Slender/Sounds using Guid(944e80542a49435aad8dffac4e0d2b74) Importer(2089858483,b0f066a214c2f5e87bad3c948f4d605d) (ScriptedImporter) -> (artifact id: 'e8a51a917cbe190ca5e8c924629c0fca') in 0.0076389 seconds
Number of updated asset objects reloaded before import = 0Number of asset objects unloaded after import = 1

========================================================================
Received Import Request.
  Time since last request: 0.000024 seconds.
  path: Assets/Cielo/Night MoonBurst/Materials
  artifactKey: Guid(dafc7b71037f2a64d90881fb286022e0) Importer(2089858483,b0f066a214c2f5e87bad3c948f4d605d)
Start importing Assets/Cielo/Night MoonBurst/Materials using Guid(dafc7b71037f2a64d90881fb286022e0) Importer(2089858483,b0f066a214c2f5e87bad3c948f4d605d) (ScriptedImporter) -> (artifact id: 'a5433a92a52adef9043a322593b9a3c7') in 0.0049848 seconds
Number of updated asset objects reloaded before import = 0Number of asset objects unloaded after import = 1

========================================================================
Received Import Request.
  Time since last request: 0.000030 seconds.
  path: Assets/Slender/Example/Environment/Standard Assets/Effects
  artifactKey: Guid(1c7c831e148c4214b3501395df53d830) Importer(2089858483,b0f066a214c2f5e87bad3c948f4d605d)
Start importing Assets/Slender/Example/Environment/Standard Assets/Effects using Guid(1c7c831e148c4214b3501395df53d830) Importer(2089858483,b0f066a214c2f5e87bad3c948f4d605d) (ScriptedImporter) -> (artifact id: '1a4a50412d64f423be130c235a257088') in 0.0059987 seconds
Number of updated asset objects reloaded before import = 0Number of asset objects unloaded after import = 1

========================================================================
Received Import Request.
  Time since last request: 0.000044 seconds.
  path: Assets/ALP_Assets/Poplar Tree FREE/Core/Scripts/GUI/Editor/ALP8310_ShaderDrawers.cs
  artifactKey: Guid(93ef24e38f9792b47af164170da6820f) Importer(2089858483,b0f066a214c2f5e87bad3c948f4d605d)
Start importing Assets/ALP_Assets/Poplar Tree FREE/Core/Scripts/GUI/Editor/ALP8310_ShaderDrawers.cs using Guid(93ef24e38f9792b47af164170da6820f) Importer(2089858483,b0f066a214c2f5e87bad3c948f4d605d) (ScriptedImporter) -> (artifact id: 'f5c91885cfd4136608d58ea91b71d4e7') in 0.0050899 seconds
Number of updated asset objects reloaded before import = 0Number of asset objects unloaded after import = 0

========================================================================
Received Import Request.
  Time since last request: 0.000039 seconds.
  path: Assets/Cielo/Cold Night/Materials
  artifactKey: Guid(1d83da60c354d4d4faffe4ad92bd06ed) Importer(2089858483,b0f066a214c2f5e87bad3c948f4d605d)
Start importing Assets/Cielo/Cold Night/Materials using Guid(1d83da60c354d4d4faffe4ad92bd06ed) Importer(2089858483,b0f066a214c2f5e87bad3c948f4d605d) (ScriptedImporter) -> (artifact id: 'da7b4845ee7867f36cd38a8080e6b2e4') in 0.0069361 seconds
Number of updated asset objects reloaded before import = 0Number of asset objects unloaded after import = 1

========================================================================
Received Import Request.
  Time since last request: 0.000031 seconds.
  path: Assets/Slender/Example/Environment/Meshes
  artifactKey: Guid(6ca403c998b843e382c62fe86cb7b2c5) Importer(2089858483,b0f066a214c2f5e87bad3c948f4d605d)
Start importing Assets/Slender/Example/Environment/Meshes using Guid(6ca403c998b843e382c62fe86cb7b2c5) Importer(2089858483,b0f066a214c2f5e87bad3c948f4d605d) (ScriptedImporter) -> (artifact id: '226071f552438a5de4d7bed3b88a9481') in 0.0065162 seconds
Number of updated asset objects reloaded before import = 0Number of asset objects unloaded after import = 1

========================================================================
Received Import Request.
  Time since last request: 0.000056 seconds.
  path: Assets/TutorialInfo/Scripts
  artifactKey: Guid(5a9bcd70e6a4b4b05badaa72e827d8e0) Importer(2089858483,b0f066a214c2f5e87bad3c948f4d605d)
Start importing Assets/TutorialInfo/Scripts using Guid(5a9bcd70e6a4b4b05badaa72e827d8e0) Importer(2089858483,b0f066a214c2f5e87bad3c948f4d605d) (ScriptedImporter) -> (artifact id: 'ca3cc680421f6ebb3c755fc35b6527f5') in 0.0046867 seconds
Number of updated asset objects reloaded before import = 0Number of asset objects unloaded after import = 1

========================================================================
Received Import Request.
  Time since last request: 0.000044 seconds.
  path: Assets/ALP_Assets/Poplar Tree FREE/Core/Scripts/Global Lighting/ReadMe.md
  artifactKey: Guid(1d807c679adfe8742b50d53e7603443c) Importer(2089858483,b0f066a214c2f5e87bad3c948f4d605d)
Start importing Assets/ALP_Assets/Poplar Tree FREE/Core/Scripts/Global Lighting/ReadMe.md using Guid(1d807c679adfe8742b50d53e7603443c) Importer(2089858483,b0f066a214c2f5e87bad3c948f4d605d) (ScriptedImporter) -> (artifact id: 'e48acc4503ee73a914d9bafc756735dd') in 0.0084644 seconds
Number of updated asset objects reloaded before import = 0Number of asset objects unloaded after import = 1

========================================================================
Received Import Request.
  Time since last request: 0.000030 seconds.
  path: Assets/ALP_Assets/Poplar Tree FREE/Models/Materials
  artifactKey: Guid(cde3f049ea3d7434086752f68064582d) Importer(2089858483,b0f066a214c2f5e87bad3c948f4d605d)
Start importing Assets/ALP_Assets/Poplar Tree FREE/Models/Materials using Guid(cde3f049ea3d7434086752f68064582d) Importer(2089858483,b0f066a214c2f5e87bad3c948f4d605d) (ScriptedImporter) -> (artifact id: '164a786093a8c64575a57ac972d852e8') in 0.0072074 seconds
Number of updated asset objects reloaded before import = 0Number of asset objects unloaded after import = 1

========================================================================
Received Import Request.
  Time since last request: 0.000034 seconds.
  path: Assets/ALP_Assets/Poplar Tree FREE/Core/Scripts/GUI/Editor
  artifactKey: Guid(6fa934209925cd747854ea9d2727cda4) Importer(2089858483,b0f066a214c2f5e87bad3c948f4d605d)
Start importing Assets/ALP_Assets/Poplar Tree FREE/Core/Scripts/GUI/Editor using Guid(6fa934209925cd747854ea9d2727cda4) Importer(2089858483,b0f066a214c2f5e87bad3c948f4d605d) (ScriptedImporter) -> (artifact id: '4813318fb51a169ce7c7256942849c8b') in 0.0084291 seconds
Number of updated asset objects reloaded before import = 0Number of asset objects unloaded after import = 1

========================================================================
Received Import Request.
  Time since last request: 0.000041 seconds.
  path: Assets/ALP_Assets/Poplar Tree FREE/Core/Scripts/Controller
  artifactKey: Guid(86f14d78ee4ed7c4f90525f6cc5bb6c8) Importer(2089858483,b0f066a214c2f5e87bad3c948f4d605d)
Start importing Assets/ALP_Assets/Poplar Tree FREE/Core/Scripts/Controller using Guid(86f14d78ee4ed7c4f90525f6cc5bb6c8) Importer(2089858483,b0f066a214c2f5e87bad3c948f4d605d) (ScriptedImporter) -> (artifact id: '278aa0eef83ea67da276034ef23cb08d') in 0.0063536 seconds
Number of updated asset objects reloaded before import = 0Number of asset objects unloaded after import = 1

========================================================================
Received Import Request.
  Time since last request: 0.000041 seconds.
  path: Assets/First_Person/FirstPersonControllerPro/Scripts
  artifactKey: Guid(ecdb85c1c32fc4d4f8365d5484f34da4) Importer(2089858483,b0f066a214c2f5e87bad3c948f4d605d)
Start importing Assets/First_Person/FirstPersonControllerPro/Scripts using Guid(ecdb85c1c32fc4d4f8365d5484f34da4) Importer(2089858483,b0f066a214c2f5e87bad3c948f4d605d) (ScriptedImporter) -> (artifact id: '224bda2183e74f42fed4635a2f22b06a') in 0.0057445 seconds
Number of updated asset objects reloaded before import = 0Number of asset objects unloaded after import = 1

========================================================================
Received Import Request.
  Time since last request: 0.000088 seconds.
  path: Assets/Slender/Example/Environment/Standard Assets/Effects/ImageEffects/Textures
  artifactKey: Guid(5f39908f1f4e44acbf8a87000c67118a) Importer(2089858483,b0f066a214c2f5e87bad3c948f4d605d)
Start importing Assets/Slender/Example/Environment/Standard Assets/Effects/ImageEffects/Textures using Guid(5f39908f1f4e44acbf8a87000c67118a) Importer(2089858483,b0f066a214c2f5e87bad3c948f4d605d) (ScriptedImporter) -> (artifact id: '88a32b4a64833e638e88e1e026981dc7') in 0.0068094 seconds
Number of updated asset objects reloaded before import = 0Number of asset objects unloaded after import = 1

========================================================================
Received Import Request.
  Time since last request: 0.000031 seconds.
  path: Assets/ALP_Assets/Poplar Tree FREE/Core/Scripts/Controller/Editor
  artifactKey: Guid(61863b6d80c04de4999c5931c35eb493) Importer(2089858483,b0f066a214c2f5e87bad3c948f4d605d)
Start importing Assets/ALP_Assets/Poplar Tree FREE/Core/Scripts/Controller/Editor using Guid(61863b6d80c04de4999c5931c35eb493) Importer(2089858483,b0f066a214c2f5e87bad3c948f4d605d) (ScriptedImporter) -> (artifact id: 'efcb4b0c9585bb4eb24a7c0924bf9174') in 0.0074675 seconds
Number of updated asset objects reloaded before import = 0Number of asset objects unloaded after import = 1

========================================================================
Received Import Request.
  Time since last request: 0.000027 seconds.
  path: Assets/ALP_Assets/Poplar Tree FREE/Shaders/ALP Water Gestner Waves.shader
  artifactKey: Guid(2a74146fc661852469c2bb5604517a8d) Importer(2089858483,b0f066a214c2f5e87bad3c948f4d605d)
Start importing Assets/ALP_Assets/Poplar Tree FREE/Shaders/ALP Water Gestner Waves.shader using Guid(2a74146fc661852469c2bb5604517a8d) Importer(2089858483,b0f066a214c2f5e87bad3c948f4d605d) (ScriptedImporter) -> (artifact id: '9947ae24b132c855cf57788e514317d8') in 0.0232186 seconds
Number of updated asset objects reloaded before import = 0Number of asset objects unloaded after import = 1

========================================================================
Received Import Request.
  Time since last request: 0.000054 seconds.
  path: Assets/Cielo
  artifactKey: Guid(72589719770b04ead999af902c0459f8) Importer(2089858483,b0f066a214c2f5e87bad3c948f4d605d)
Start importing Assets/Cielo using Guid(72589719770b04ead999af902c0459f8) Importer(2089858483,b0f066a214c2f5e87bad3c948f4d605d) (ScriptedImporter) -> (artifact id: '1c02bd1e1e284c36805640fdae9bedd5') in 0.006322 seconds
Number of updated asset objects reloaded before import = 0Number of asset objects unloaded after import = 1

========================================================================
Received Import Request.
  Time since last request: 0.000026 seconds.
  path: Assets/Slender/Slender/Materials
  artifactKey: Guid(094a405f417845a38aa250b1c602191c) Importer(2089858483,b0f066a214c2f5e87bad3c948f4d605d)
Start importing Assets/Slender/Slender/Materials using Guid(094a405f417845a38aa250b1c602191c) Importer(2089858483,b0f066a214c2f5e87bad3c948f4d605d) (ScriptedImporter) -> (artifact id: '2e74e2df0b6314a731f4f0fedd63a341') in 0.0064761 seconds
Number of updated asset objects reloaded before import = 0Number of asset objects unloaded after import = 1

========================================================================
Received Import Request.
  Time since last request: 0.000023 seconds.
  path: Assets/Suelo/Materials/Grass
  artifactKey: Guid(051271c45c29fed4db47e2d703636ca9) Importer(2089858483,b0f066a214c2f5e87bad3c948f4d605d)
Start importing Assets/Suelo/Materials/Grass using Guid(051271c45c29fed4db47e2d703636ca9) Importer(2089858483,b0f066a214c2f5e87bad3c948f4d605d) (ScriptedImporter) -> (artifact id: 'faefd12f5f7ede69a2f5132a743b9d97') in 0.0071147 seconds
Number of updated asset objects reloaded before import = 0Number of asset objects unloaded after import = 1

========================================================================
Received Import Request.
  Time since last request: 0.000038 seconds.
  path: Assets/JP Environmental Asset Pack/Textures
  artifactKey: Guid(62a09d9a0bfccce43a2b778bbfa24408) Importer(2089858483,b0f066a214c2f5e87bad3c948f4d605d)
Start importing Assets/JP Environmental Asset Pack/Textures using Guid(62a09d9a0bfccce43a2b778bbfa24408) Importer(2089858483,b0f066a214c2f5e87bad3c948f4d605d) (ScriptedImporter) -> (artifact id: 'e3d000f4d6fc633506d59aad1671f893') in 0.0082523 seconds
Number of updated asset objects reloaded before import = 0Number of asset objects unloaded after import = 1

========================================================================
Received Import Request.
  Time since last request: 0.000040 seconds.
  path: Assets/ALP_Assets/Poplar Tree FREE/Scenes
  artifactKey: Guid(5721d0cb4c8a1b64b9c3c52b2441a93c) Importer(2089858483,b0f066a214c2f5e87bad3c948f4d605d)
Start importing Assets/ALP_Assets/Poplar Tree FREE/Scenes using Guid(5721d0cb4c8a1b64b9c3c52b2441a93c) Importer(2089858483,b0f066a214c2f5e87bad3c948f4d605d) (ScriptedImporter) -> (artifact id: '7ebd5e631ca2f8ce8931e8274f895a8e') in 0.0073933 seconds
Number of updated asset objects reloaded before import = 0Number of asset objects unloaded after import = 1

========================================================================
Received Import Request.
  Time since last request: 0.000029 seconds.
  path: Assets/Slender/Example/Environment/Standard Assets/Effects/ImageEffects/Shaders/_DepthOfField
  artifactKey: Guid(99cd6fc616ba4d1f8eebfb3a5addefe9) Importer(2089858483,b0f066a214c2f5e87bad3c948f4d605d)
Start importing Assets/Slender/Example/Environment/Standard Assets/Effects/ImageEffects/Shaders/_DepthOfField using Guid(99cd6fc616ba4d1f8eebfb3a5addefe9) Importer(2089858483,b0f066a214c2f5e87bad3c948f4d605d) (ScriptedImporter) -> (artifact id: '43db8fe5152adf2d571600142322d68d') in 0.0056905 seconds
Number of updated asset objects reloaded before import = 0Number of asset objects unloaded after import = 1

========================================================================
Received Import Request.
  Time since last request: 0.000062 seconds.
  path: Assets/ALP_Assets/Poplar Tree FREE/Shaders/ALP Surface Detail.shader
  artifactKey: Guid(c86ccf09a3cebd04e8387de9c92bfa23) Importer(2089858483,b0f066a214c2f5e87bad3c948f4d605d)
Start importing Assets/ALP_Assets/Poplar Tree FREE/Shaders/ALP Surface Detail.shader using Guid(c86ccf09a3cebd04e8387de9c92bfa23) Importer(2089858483,b0f066a214c2f5e87bad3c948f4d605d) (ScriptedImporter) -> (artifact id: 'deb0612c2c6827dcad9ba66a8f69612a') in 0.0225561 seconds
Number of updated asset objects reloaded before import = 0Number of asset objects unloaded after import = 1

========================================================================
Received Import Request.
  Time since last request: 0.000069 seconds.
  path: Assets/ALP_Assets/Poplar Tree FREE/Core/Scripts/Global Lighting/Editor
  artifactKey: Guid(d317bd5be5bb29d48b18ac5e58cfaf9e) Importer(2089858483,b0f066a214c2f5e87bad3c948f4d605d)
Start importing Assets/ALP_Assets/Poplar Tree FREE/Core/Scripts/Global Lighting/Editor using Guid(d317bd5be5bb29d48b18ac5e58cfaf9e) Importer(2089858483,b0f066a214c2f5e87bad3c948f4d605d) (ScriptedImporter) -> (artifact id: 'bb3c6afc71a88fbe3bafbdbfc2843d91') in 0.0058429 seconds
Number of updated asset objects reloaded before import = 0Number of asset objects unloaded after import = 1

========================================================================
Received Import Request.
  Time since last request: 0.000037 seconds.
  path: Assets/Slender/Example/Scene
  artifactKey: Guid(70f160eea27747c3a521ad928983372c) Importer(2089858483,b0f066a214c2f5e87bad3c948f4d605d)
Start importing Assets/Slender/Example/Scene using Guid(70f160eea27747c3a521ad928983372c) Importer(2089858483,b0f066a214c2f5e87bad3c948f4d605d) (ScriptedImporter) -> (artifact id: '6623bf604b52801a513afcf011e3e6c2') in 0.0056758 seconds
Number of updated asset objects reloaded before import = 0Number of asset objects unloaded after import = 1

========================================================================
Received Import Request.
  Time since last request: 0.000026 seconds.
  path: Assets/ALP_Assets/Poplar Tree FREE/Models
  artifactKey: Guid(9daed604ab022464c8b4c54556a88230) Importer(2089858483,b0f066a214c2f5e87bad3c948f4d605d)
Start importing Assets/ALP_Assets/Poplar Tree FREE/Models using Guid(9daed604ab022464c8b4c54556a88230) Importer(2089858483,b0f066a214c2f5e87bad3c948f4d605d) (ScriptedImporter) -> (artifact id: '3959f6a8d19753cf2123e920fb693f96') in 0.0046094 seconds
Number of updated asset objects reloaded before import = 0Number of asset objects unloaded after import = 1

========================================================================
Received Import Request.
  Time since last request: 0.000029 seconds.
  path: Assets/First_Person/FirstPersonControllerPro/Scenes/Polugon_test
  artifactKey: Guid(0879a268abbe69748af308e06c91e6ec) Importer(2089858483,b0f066a214c2f5e87bad3c948f4d605d)
Start importing Assets/First_Person/FirstPersonControllerPro/Scenes/Polugon_test using Guid(0879a268abbe69748af308e06c91e6ec) Importer(2089858483,b0f066a214c2f5e87bad3c948f4d605d) (ScriptedImporter) -> (artifact id: '53c0bc37c2fd0b03dae15a199ff0da0e') in 0.0064349 seconds
Number of updated asset objects reloaded before import = 0Number of asset objects unloaded after import = 1

========================================================================
Received Import Request.
  Time since last request: 0.000035 seconds.
  path: Assets/ALP_Assets/Poplar Tree FREE/Prefabs
  artifactKey: Guid(be7647740a48fdd47bfb76cafeed43b8) Importer(2089858483,b0f066a214c2f5e87bad3c948f4d605d)
Start importing Assets/ALP_Assets/Poplar Tree FREE/Prefabs using Guid(be7647740a48fdd47bfb76cafeed43b8) Importer(2089858483,b0f066a214c2f5e87bad3c948f4d605d) (ScriptedImporter) -> (artifact id: '0182de0a6acf6759bfacfd67d2b91d70') in 0.0053388 seconds
Number of updated asset objects reloaded before import = 0Number of asset objects unloaded after import = 1

========================================================================
Received Import Request.
  Time since last request: 0.000036 seconds.
  path: Assets/Suelo/Materials/Ground Materials
  artifactKey: Guid(2db8ae62267131e448d532748b306c4a) Importer(2089858483,b0f066a214c2f5e87bad3c948f4d605d)
Start importing Assets/Suelo/Materials/Ground Materials using Guid(2db8ae62267131e448d532748b306c4a) Importer(2089858483,b0f066a214c2f5e87bad3c948f4d605d) (ScriptedImporter) -> (artifact id: 'e2c62697600ea0ad92ab5ef88ee1165e') in 0.0050092 seconds
Number of updated asset objects reloaded before import = 0Number of asset objects unloaded after import = 1

========================================================================
Received Import Request.
  Time since last request: 0.000029 seconds.
  path: Assets/Slender/Example/Environment/Standard Assets/Effects/ImageEffects/Shaders/_Antialiasing
  artifactKey: Guid(2c0469017a4e4c40aa0a158c4d26c01e) Importer(2089858483,b0f066a214c2f5e87bad3c948f4d605d)
Start importing Assets/Slender/Example/Environment/Standard Assets/Effects/ImageEffects/Shaders/_Antialiasing using Guid(2c0469017a4e4c40aa0a158c4d26c01e) Importer(2089858483,b0f066a214c2f5e87bad3c948f4d605d) (ScriptedImporter) -> (artifact id: '782744fa9300a652819be0009c5a0494') in 0.0074794 seconds
Number of updated asset objects reloaded before import = 0Number of asset objects unloaded after import = 1

========================================================================
Received Import Request.
  Time since last request: 0.000028 seconds.
  path: Assets/ALP_Assets/Poplar Tree FREE/Scenes/Graphics Settings.rtf
  artifactKey: Guid(820390aac21d63946ac12c9db681e978) Importer(2089858483,b0f066a214c2f5e87bad3c948f4d605d)
Start importing Assets/ALP_Assets/Poplar Tree FREE/Scenes/Graphics Settings.rtf using Guid(820390aac21d63946ac12c9db681e978) Importer(2089858483,b0f066a214c2f5e87bad3c948f4d605d) (ScriptedImporter) -> (artifact id: '8f8c1a462adaeec56035e7df55f3087b') in 0.0057503 seconds
Number of updated asset objects reloaded before import = 0Number of asset objects unloaded after import = 1

========================================================================
Received Import Request.
  Time since last request: 0.000028 seconds.
  path: Assets/Slender/Example/Environment/Materials
  artifactKey: Guid(8a161f665f0841c4b91ab6809ca3e415) Importer(2089858483,b0f066a214c2f5e87bad3c948f4d605d)
Start importing Assets/Slender/Example/Environment/Materials using Guid(8a161f665f0841c4b91ab6809ca3e415) Importer(2089858483,b0f066a214c2f5e87bad3c948f4d605d) (ScriptedImporter) -> (artifact id: '85629a453ad00b95e694cec53aac4cbf') in 0.0055136 seconds
Number of updated asset objects reloaded before import = 0Number of asset objects unloaded after import = 1

========================================================================
Received Import Request.
  Time since last request: 0.000030 seconds.
  path: Assets/First_Person/FirstPersonControllerPro/Materials
  artifactKey: Guid(8cb139c9bc9cc6841a1b0c0cf61acb7f) Importer(2089858483,b0f066a214c2f5e87bad3c948f4d605d)
Start importing Assets/First_Person/FirstPersonControllerPro/Materials using Guid(8cb139c9bc9cc6841a1b0c0cf61acb7f) Importer(2089858483,b0f066a214c2f5e87bad3c948f4d605d) (ScriptedImporter) -> (artifact id: 'dc0d8c8adeb9947bb8169107168c7008') in 0.0045048 seconds
Number of updated asset objects reloaded before import = 0Number of asset objects unloaded after import = 1

========================================================================
Received Import Request.
  Time since last request: 0.000032 seconds.
  path: Assets/ALP_Assets/Poplar Tree FREE/PostProfile/Library.asset
  artifactKey: Guid(7ba2b06fb32e5274aad88925a5b8d3f5) Importer(2089858483,b0f066a214c2f5e87bad3c948f4d605d)
Start importing Assets/ALP_Assets/Poplar Tree FREE/PostProfile/Library.asset using Guid(7ba2b06fb32e5274aad88925a5b8d3f5) Importer(2089858483,b0f066a214c2f5e87bad3c948f4d605d) (ScriptedImporter) -> (artifact id: 'a657db4f8a59950de199dd39e3981664') in 0.0065549 seconds
Number of updated asset objects reloaded before import = 0Number of asset objects unloaded after import = 1

========================================================================
Received Import Request.
  Time since last request: 0.000029 seconds.
  path: Assets/Slender/Example/Environment/Sounds
  artifactKey: Guid(641cc0b2f44e4770aff353b70e9e6cb4) Importer(2089858483,b0f066a214c2f5e87bad3c948f4d605d)
Start importing Assets/Slender/Example/Environment/Sounds using Guid(641cc0b2f44e4770aff353b70e9e6cb4) Importer(2089858483,b0f066a214c2f5e87bad3c948f4d605d) (ScriptedImporter) -> (artifact id: 'a2d249669d613938e7a06d8110ad5427') in 0.0057353 seconds
Number of updated asset objects reloaded before import = 0Number of asset objects unloaded after import = 1

========================================================================
Received Import Request.
  Time since last request: 0.000028 seconds.
  path: Assets/Slender/Example/Environment/Standard Assets/Editor/ImageEffects
  artifactKey: Guid(b7d790871957471b8efa1dc3fc17d48a) Importer(2089858483,b0f066a214c2f5e87bad3c948f4d605d)
Start importing Assets/Slender/Example/Environment/Standard Assets/Editor/ImageEffects using Guid(b7d790871957471b8efa1dc3fc17d48a) Importer(2089858483,b0f066a214c2f5e87bad3c948f4d605d) (ScriptedImporter) -> (artifact id: 'e058561446efcf6f4d7ed79e0b6d89cd') in 0.0107317 seconds
Number of updated asset objects reloaded before import = 0Number of asset objects unloaded after import = 1

========================================================================
Received Import Request.
  Time since last request: 0.000083 seconds.
  path: Assets/ALP_Assets/GrassFlowersFREE/Demo/DemoGrassFlowers
  artifactKey: Guid(fdec4a75f73522f4eb2f9d540a9aeb5e) Importer(2089858483,b0f066a214c2f5e87bad3c948f4d605d)
Start importing Assets/ALP_Assets/GrassFlowersFREE/Demo/DemoGrassFlowers using Guid(fdec4a75f73522f4eb2f9d540a9aeb5e) Importer(2089858483,b0f066a214c2f5e87bad3c948f4d605d) (ScriptedImporter) -> (artifact id: '42a0aebf93a0609fb758e07bc11f5270') in 0.0066905 seconds
Number of updated asset objects reloaded before import = 0Number of asset objects unloaded after import = 1

