[Licensing::Module] Trying to connect to existing licensing client channel...
Built from '6000.3/staging' branch; Version is '6000.3.8f1 (1c7db571dde0) revision 1867189'; Using compiler version '194234433'; Build Type 'Release'
OS: 'Windows 11  (10.0.26200) CoreSingleLanguage' Language: 'es' Physical Memory: 7975 MB
[Licensing::IpcConnector] Successfully connected to: "LicenseClient-jeron" at "2026-02-25T19:16:31.4349441Z"
BatchMode: 1, IsHumanControllingUs: 0, StartBugReporterOnCrash: 0, Is64bit: 1
System  architecture: x64
Process architecture: x64
Date: 2026-02-25T19:16:31Z

COMMAND LINE ARGUMENTS:
C:\Program Files\Unity\Hub\Editor\6000.3.8f1\Editor\Unity.exe
-adb2
-batchMode
-noUpm
-name
AssetImportWorker0
-projectPath
C:/Users/jeron/Desktop/Unity/Proyectos/Juego
-logFile
Logs/AssetImportWorker0.log
-srvPort
50579
-job-worker-count
3
-background-job-worker-count
8
-gc-helper-count
1
-name
AssetImport
Successfully changed project path to: C:/Users/jeron/Desktop/Unity/Proyectos/Juego
C:/Users/jeron/Desktop/Unity/Proyectos/Juego
[UnityMemory] Configuration Parameters - Can be set up in boot.config
    "memorysetup-temp-allocator-size-nav-mesh-worker=65536"
    "memorysetup-temp-allocator-size-audio-worker=65536"
    "memorysetup-temp-allocator-size-gfx=262144"
    "memorysetup-allocator-temp-initial-block-size-main=262144"
    "memorysetup-allocator-temp-initial-block-size-worker=262144"
    "memorysetup-temp-allocator-size-background-worker=32768"
    "memorysetup-temp-allocator-size-job-worker=262144"
    "memorysetup-temp-allocator-size-preload-manager=33554432"
    "memorysetup-temp-allocator-size-gi-baking-worker=262144"
    "memorysetup-temp-allocator-size-gi-baking-worker=262144"
    "memorysetup-temp-allocator-size-gi-baking-worker=262144"
    "memorysetup-temp-allocator-size-gi-baking-worker=262144"
    "memorysetup-temp-allocator-size-gi-baking-worker=262144"
    "memorysetup-bucket-allocator-granularity=16"
    "memorysetup-bucket-allocator-bucket-count=8"
    "memorysetup-bucket-allocator-block-size=33554432"
    "memorysetup-bucket-allocator-block-count=8"
    "memorysetup-main-allocator-block-size=16777216"
    "memorysetup-thread-allocator-block-size=16777216"
    "memorysetup-gfx-main-allocator-block-size=16777216"
    "memorysetup-gfx-thread-allocator-block-size=16777216"
    "memorysetup-cache-allocator-block-size=4194304"
    "memorysetup-typetree-allocator-block-size=2097152"
    "memorysetup-profiler-bucket-allocator-granularity=16"
    "memorysetup-profiler-bucket-allocator-bucket-count=8"
    "memorysetup-profiler-bucket-allocator-block-size=33554432"
    "memorysetup-profiler-bucket-allocator-block-count=8"
    "memorysetup-profiler-allocator-block-size=16777216"
    "memorysetup-profiler-editor-allocator-block-size=1048576"
    "memorysetup-temp-allocator-size-main=16777216"
    "memorysetup-job-temp-allocator-block-size=2097152"
    "memorysetup-job-temp-allocator-block-size-background=1048576"
    "memorysetup-job-temp-allocator-reduction-small-platforms=262144"
    "memorysetup-temp-allocator-size-cloud-worker=32768"
Player connection [19224]  Target information:

Player connection [19224]  * "[IP] 192.168.1.63 [Port] 0 [Flags] 2 [Guid] 1420573351 [EditorId] 1420573351 [Version] 1048832 [Id] WindowsEditor(7,JeroPC) [Debug] 1 [PackageName] WindowsEditor [ProjectName] Editor" 

Player connection [19224] Host joined multi-casting on [225.0.0.222:54997]...
Player connection [19224] Host joined alternative multi-casting on [225.0.0.222:34997]...
JobSystem: Creating JobQueue using job-worker-count value 3
Input System module state changed to: Initialized.
[Physics::Module] Initialized fallback backend.
[Physics::Module] Id: 0xdecafbad
Library Redirect Path: Library/
[Physics::Module] Selected backend.
[Physics::Module] Name: PhysX
[Physics::Module] Id: 0xf2b8ea05
[Physics::Module] SDK Version: 4.1.2
[Physics::Module] Integration Version: 1.0.0
[Physics::Module] Threading Mode: Multi-Threaded
Refreshing native plugins compatible for Editor in 11.88 ms, found 3 plugins.
Preloading 0 native plugins for Editor in 0.00 ms.
Initialize engine version: 6000.3.8f1 (1c7db571dde0)
[Subsystems] Discovering subsystems at path C:/Program Files/Unity/Hub/Editor/6000.3.8f1/Editor/Data/Resources/UnitySubsystems
[Subsystems] Discovering subsystems at path C:/Users/jeron/Desktop/Unity/Proyectos/Juego/Assets
GfxDevice: creating device client; kGfxThreadingModeNonThreaded
Direct3D:
    Version:  Direct3D 11.0 [level 11.1]
    Renderer: NVIDIA GeForce GTX 1650 (ID=0x1f9d)
    Vendor:   NVIDIA
    VRAM:     3938 MB
    Driver:   32.0.15.9186
Initialize mono
Mono path[0] = 'C:/Program Files/Unity/Hub/Editor/6000.3.8f1/Editor/Data/Managed'
Mono path[1] = 'C:/Program Files/Unity/Hub/Editor/6000.3.8f1/Editor/Data/MonoBleedingEdge/lib/mono/unityjit-win32'
Mono config path = 'C:/Program Files/Unity/Hub/Editor/6000.3.8f1/Editor/Data/MonoBleedingEdge/etc'
Using monoOptions --debugger-agent=transport=dt_socket,embedding=1,server=y,suspend=n,address=127.0.0.1:56832
Begin MonoManager ReloadAssembly
Registering precompiled unity dll's ...
[Licensing::Client] Handshaking with LicensingClient:
  Version:                 1.17.4+4293ba1
  Session Id:              5e763040fd4f4f848421f5dedb2015fa
  Correlation Id:          6af417876d0db82690f16b290efed9ea
  External correlation Id: 8889808950240559687
  Machine Id:              CNCFTM8CpHHBqjuOvDec0QuTTpU=
[Licensing::Module] Successfully connected to LicensingClient on channel: "LicenseClient-jeron" (connect: 0.00s, validation: 0.01s, handshake: 1.58s)
[Licensing::IpcConnector] Successfully connected to: "LicenseClient-jeron-notifications" at "2026-02-25T19:16:33.0243274Z"
[Licensing::Module] Licensing Background thread has ended after 1.59s
Register platform support module: C:/Program Files/Unity/Hub/Editor/6000.3.8f1/Editor/Data/PlaybackEngines/WebGLSupport/UnityEditor.WebGL.Extensions.dll
Register platform support module: C:/Program Files/Unity/Hub/Editor/6000.3.8f1/Editor/Data/PlaybackEngines/WindowsStandaloneSupport/UnityEditor.WindowsStandalone.Extensions.dll
Registered in 0.010602 seconds.
- Loaded All Assemblies, in  0.845 seconds
Native extension for WindowsStandalone target not found
Native extension for WebGL target not found
ScheduleIndexationOnStartup MainProcess:False IndexOnStartup:True
Mono: successfully reloaded assembly
- Finished resetting the current domain, in  1.065 seconds
Domain Reload Profiling: 1900ms
	BeginReloadAssembly (311ms)
		ExecutionOrderSort (0ms)
		DisableScriptedObjects (0ms)
		BackupInstance (0ms)
		ReleaseScriptingObjects (0ms)
		CreateAndSetChildDomain (2ms)
	RebuildCommonClasses (69ms)
	RebuildNativeTypeToScriptingClass (20ms)
	initialDomainReloadingComplete (106ms)
	LoadAllAssembliesAndSetupDomain (327ms)
		LoadAssemblies (308ms)
		RebuildTransferFunctionScriptingTraits (0ms)
		AnalyzeDomain (317ms)
			TypeCache.Refresh (314ms)
				TypeCache.ScanAssembly (287ms)
			BuildScriptInfoCaches (0ms)
			ResolveRequiredComponents (1ms)
	FinalizeReload (1066ms)
		ReleaseScriptCaches (0ms)
		RebuildScriptCaches (0ms)
		SetupLoadedEditorAssemblies (969ms)
			LogAssemblyErrors (0ms)
			InitializePlatformSupportModulesInManaged (82ms)
			SetLoadedEditorAssemblies (7ms)
			BeforeProcessingInitializeOnLoad (206ms)
			ProcessInitializeOnLoadAttributes (508ms)
			ProcessInitializeOnLoadMethodAttributes (165ms)
			AfterProcessingInitializeOnLoad (0ms)
			EditorAssembliesLoaded (1ms)
		ExecutionOrderSort2 (0ms)
		AwakeInstancesAfterBackupRestoration (0ms)
========================================================================
Worker process is ready to serve import requests
Import Worker Mode flag is 0x00
Begin MonoManager ReloadAssembly
[Licensing::Client] Successfully resolved entitlement details
[Licensing::Module] License group:
  Id: 4674143045467-UnityPersXXXX
  Product: Unity Personal
  Type: Assigned
  Expiration: Unlimited
- Loaded All Assemblies, in  2.373 seconds
Refreshing native plugins compatible for Editor in 4.04 ms, found 3 plugins.
Native extension for WindowsStandalone target not found
Native extension for WebGL target not found
Package Manager log level set to [2]
[Package Manager] Failed to launch server process. Reason: Unity was launched with the -noUpm command-line argument
[Package Manager] Unable to send message (not connected to server process).
[Package Manager] Cannot connect to Unity Package Manager local server
ScheduleIndexationOnStartup MainProcess:False IndexOnStartup:True
Mono: successfully reloaded assembly
- Finished resetting the current domain, in  1.709 seconds
Domain Reload Profiling: 4062ms
	BeginReloadAssembly (720ms)
		ExecutionOrderSort (0ms)
		DisableScriptedObjects (15ms)
		BackupInstance (0ms)
		ReleaseScriptingObjects (0ms)
		CreateAndSetChildDomain (205ms)
	RebuildCommonClasses (79ms)
	RebuildNativeTypeToScriptingClass (29ms)
	initialDomainReloadingComplete (77ms)
	LoadAllAssembliesAndSetupDomain (1448ms)
		LoadAssemblies (1083ms)
		RebuildTransferFunctionScriptingTraits (0ms)
		AnalyzeDomain (709ms)
			TypeCache.Refresh (550ms)
				TypeCache.ScanAssembly (504ms)
			BuildScriptInfoCaches (131ms)
			ResolveRequiredComponents (17ms)
	FinalizeReload (1709ms)
		ReleaseScriptCaches (0ms)
		RebuildScriptCaches (0ms)
		SetupLoadedEditorAssemblies (1228ms)
			LogAssemblyErrors (0ms)
			InitializePlatformSupportModulesInManaged (6ms)
			SetLoadedEditorAssemblies (11ms)
			BeforeProcessingInitializeOnLoad (266ms)
			ProcessInitializeOnLoadAttributes (757ms)
			ProcessInitializeOnLoadMethodAttributes (166ms)
			AfterProcessingInitializeOnLoad (21ms)
			EditorAssembliesLoaded (0ms)
		ExecutionOrderSort2 (0ms)
		AwakeInstancesAfterBackupRestoration (12ms)
Launched and connected shader compiler UnityShaderCompiler.exe after 0.05 seconds
Refreshing native plugins compatible for Editor in 1.77 ms, found 3 plugins.
Preloading 0 native plugins for Editor in 0.00 ms.
Unloading 16 Unused Serialized files (Serialized files now loaded: 0)
Unloading 6245 unused Assets / (4.8 MB). Loaded Objects now: 7132.
Memory consumption went from 163.6 MB to 158.8 MB.
Total: 24.628400 ms (FindLiveObjects: 1.774800 ms CreateObjectMapping: 2.161700 ms MarkObjects: 13.407300 ms  DeleteObjects: 7.281000 ms)

========================================================================
Received Import Request.
  Time since last request: 104500.231497 seconds.
  path: Assets/First_Person/FirstPersonControllerPro/Scenes
  artifactKey: Guid(bf89f43b47781c0408ff764b6fd21aa3) Importer(2089858483,b0f066a214c2f5e87bad3c948f4d605d)
Start importing Assets/First_Person/FirstPersonControllerPro/Scenes using Guid(bf89f43b47781c0408ff764b6fd21aa3) Importer(2089858483,b0f066a214c2f5e87bad3c948f4d605d) (ScriptedImporter) -> (artifact id: '6431b31e11114b3da5df8aed06527097') in 0.1302325 seconds
Number of updated asset objects reloaded before import = 0Number of asset objects unloaded after import = 1

========================================================================
Received Import Request.
  Time since last request: 0.000485 seconds.
  path: Assets/ALP_Assets/Poplar Tree FREE/PostProfile
  artifactKey: Guid(54e44f65aad3a964b81e04566e86d479) Importer(2089858483,b0f066a214c2f5e87bad3c948f4d605d)
Start importing Assets/ALP_Assets/Poplar Tree FREE/PostProfile using Guid(54e44f65aad3a964b81e04566e86d479) Importer(2089858483,b0f066a214c2f5e87bad3c948f4d605d) (ScriptedImporter) -> (artifact id: '413374021ca905b1e4a6ee6c5eb0fc99') in 0.018128 seconds
Number of updated asset objects reloaded before import = 0Number of asset objects unloaded after import = 1

========================================================================
Received Import Request.
  Time since last request: 0.000047 seconds.
  path: Assets/Slender/Example/Environment/Standard Assets/Effects/ImageEffects/Shaders/Contrast Stretch
  artifactKey: Guid(c037282f9a664ef58ea69fc6601efeb4) Importer(2089858483,b0f066a214c2f5e87bad3c948f4d605d)
Start importing Assets/Slender/Example/Environment/Standard Assets/Effects/ImageEffects/Shaders/Contrast Stretch using Guid(c037282f9a664ef58ea69fc6601efeb4) Importer(2089858483,b0f066a214c2f5e87bad3c948f4d605d) (ScriptedImporter) -> (artifact id: '888f9a5ebabb5ecf9ed31549431bbe74') in 0.0120076 seconds
Number of updated asset objects reloaded before import = 0Number of asset objects unloaded after import = 1

========================================================================
Received Import Request.
  Time since last request: 0.000032 seconds.
  path: Assets/Slender/Slender/Prefab
  artifactKey: Guid(cd59c55062b24e559203fb8b141d510a) Importer(2089858483,b0f066a214c2f5e87bad3c948f4d605d)
Start importing Assets/Slender/Slender/Prefab using Guid(cd59c55062b24e559203fb8b141d510a) Importer(2089858483,b0f066a214c2f5e87bad3c948f4d605d) (ScriptedImporter) -> (artifact id: '01cd7357e5faa59dfa55c021a2e18db2') in 0.015852 seconds
Number of updated asset objects reloaded before import = 0Number of asset objects unloaded after import = 1

========================================================================
Received Import Request.
  Time since last request: 0.000033 seconds.
  path: Assets/Slender
  artifactKey: Guid(e8a028bed95076645ac057d47383ee5b) Importer(2089858483,b0f066a214c2f5e87bad3c948f4d605d)
Start importing Assets/Slender using Guid(e8a028bed95076645ac057d47383ee5b) Importer(2089858483,b0f066a214c2f5e87bad3c948f4d605d) (ScriptedImporter) -> (artifact id: '4944dcfb368cac263d716eb74dfb406d') in 0.0092271 seconds
Number of updated asset objects reloaded before import = 0Number of asset objects unloaded after import = 1

========================================================================
Received Import Request.
  Time since last request: 0.000065 seconds.
  path: Assets/ALP_Assets/GrassFlowersFREE/Textures
  artifactKey: Guid(46c1725cb7280074493bd8d9d2ab7468) Importer(2089858483,b0f066a214c2f5e87bad3c948f4d605d)
Start importing Assets/ALP_Assets/GrassFlowersFREE/Textures using Guid(46c1725cb7280074493bd8d9d2ab7468) Importer(2089858483,b0f066a214c2f5e87bad3c948f4d605d) (ScriptedImporter) -> (artifact id: 'df684f7d20c285b9e412e4c271235196') in 0.0104433 seconds
Number of updated asset objects reloaded before import = 0Number of asset objects unloaded after import = 1

========================================================================
Received Import Request.
  Time since last request: 0.000029 seconds.
  path: Assets/TutorialInfo/Icons
  artifactKey: Guid(8a0c9218a650547d98138cd835033977) Importer(2089858483,b0f066a214c2f5e87bad3c948f4d605d)
Start importing Assets/TutorialInfo/Icons using Guid(8a0c9218a650547d98138cd835033977) Importer(2089858483,b0f066a214c2f5e87bad3c948f4d605d) (ScriptedImporter) -> (artifact id: '49b28fedcf16a5548e3c8cd007b56933') in 0.0089077 seconds
Number of updated asset objects reloaded before import = 0Number of asset objects unloaded after import = 1

========================================================================
Received Import Request.
  Time since last request: 0.000033 seconds.
  path: Assets/Suelo
  artifactKey: Guid(65ec4060c0ab240478aab3b3c52b196b) Importer(2089858483,b0f066a214c2f5e87bad3c948f4d605d)
Start importing Assets/Suelo using Guid(65ec4060c0ab240478aab3b3c52b196b) Importer(2089858483,b0f066a214c2f5e87bad3c948f4d605d) (ScriptedImporter) -> (artifact id: 'ead991b355c1c6c6a27b29bcd2b4b1fd') in 0.0081284 seconds
Number of updated asset objects reloaded before import = 0Number of asset objects unloaded after import = 1

========================================================================
Received Import Request.
  Time since last request: 0.000066 seconds.
  path: Assets/Slender/Example/Environment/Standard Assets/Editor
  artifactKey: Guid(dd1eb4379c5d4f1c93f9f766dc191224) Importer(2089858483,b0f066a214c2f5e87bad3c948f4d605d)
Start importing Assets/Slender/Example/Environment/Standard Assets/Editor using Guid(dd1eb4379c5d4f1c93f9f766dc191224) Importer(2089858483,b0f066a214c2f5e87bad3c948f4d605d) (ScriptedImporter) -> (artifact id: 'b8d4d049883604a23a07f2f6c0483199') in 0.007157 seconds
Number of updated asset objects reloaded before import = 0Number of asset objects unloaded after import = 1

========================================================================
Received Import Request.
  Time since last request: 0.000039 seconds.
  path: Assets/First_Person/FirstPersonControllerPro/Textures
  artifactKey: Guid(99b9606d6d98a4847bcfd54e29517ffc) Importer(2089858483,b0f066a214c2f5e87bad3c948f4d605d)
Start importing Assets/First_Person/FirstPersonControllerPro/Textures using Guid(99b9606d6d98a4847bcfd54e29517ffc) Importer(2089858483,b0f066a214c2f5e87bad3c948f4d605d) (ScriptedImporter) -> (artifact id: '120ef186417c3a52fe1e353c11616baa') in 0.0090041 seconds
Number of updated asset objects reloaded before import = 0Number of asset objects unloaded after import = 1

========================================================================
Received Import Request.
  Time since last request: 0.000042 seconds.
  path: Assets/TerrainData_33189408-c986-481c-b800-36322dd34299.asset
  artifactKey: Guid(59a62f17fe262f4489b7a7e1783f75b5) Importer(815301076,1909f56bfc062723c751e8b465ee728b)
Start importing Assets/TerrainData_33189408-c986-481c-b800-36322dd34299.asset using Guid(59a62f17fe262f4489b7a7e1783f75b5) Importer(815301076,1909f56bfc062723c751e8b465ee728b) (PreviewImporter) -> (artifact id: '9cf8a3e27b1dd26d15bf4f297d1419eb') in 0.0612243 seconds
Number of updated asset objects reloaded before import = 0Number of asset objects unloaded after import = 1

========================================================================
Received Import Request.
  Time since last request: 0.000058 seconds.
  path: Assets/Slender/Example/Environment/Standard Assets/Effects/ImageEffects/Shaders/_BloomAndFlares
  artifactKey: Guid(b5e13560108b4501a630f670df6b0e70) Importer(2089858483,b0f066a214c2f5e87bad3c948f4d605d)
Start importing Assets/Slender/Example/Environment/Standard Assets/Effects/ImageEffects/Shaders/_BloomAndFlares using Guid(b5e13560108b4501a630f670df6b0e70) Importer(2089858483,b0f066a214c2f5e87bad3c948f4d605d) (ScriptedImporter) -> (artifact id: 'ef5d3de1a5765b1c6703f21586995c65') in 0.0516158 seconds
Number of updated asset objects reloaded before import = 0Number of asset objects unloaded after import = 1

========================================================================
Received Import Request.
  Time since last request: 0.000032 seconds.
  path: Assets/Suelo/Materials/Tree 3
  artifactKey: Guid(45290fffac8369d4e992707f79a16ae9) Importer(2089858483,b0f066a214c2f5e87bad3c948f4d605d)
Start importing Assets/Suelo/Materials/Tree 3 using Guid(45290fffac8369d4e992707f79a16ae9) Importer(2089858483,b0f066a214c2f5e87bad3c948f4d605d) (ScriptedImporter) -> (artifact id: '9d1ee0cc86ea2418f07539de6fd0f313') in 0.0093222 seconds
Number of updated asset objects reloaded before import = 0Number of asset objects unloaded after import = 1

========================================================================
Received Import Request.
  Time since last request: 0.000053 seconds.
  path: Assets/ALP_Assets/GrassFlowersFREE
  artifactKey: Guid(ea8c14aac41ecc449b3c32d5c2ec19a3) Importer(2089858483,b0f066a214c2f5e87bad3c948f4d605d)
Start importing Assets/ALP_Assets/GrassFlowersFREE using Guid(ea8c14aac41ecc449b3c32d5c2ec19a3) Importer(2089858483,b0f066a214c2f5e87bad3c948f4d605d) (ScriptedImporter) -> (artifact id: 'ff62c729fd6252b77ffa5f953c00f69e') in 0.0077575 seconds
Number of updated asset objects reloaded before import = 0Number of asset objects unloaded after import = 1

========================================================================
Received Import Request.
  Time since last request: 0.000042 seconds.
  path: Assets/First_Person/FirstPersonControllerPro/Player/Prefab
  artifactKey: Guid(27cf871a549d44c46aac0628ff68d589) Importer(2089858483,b0f066a214c2f5e87bad3c948f4d605d)
Start importing Assets/First_Person/FirstPersonControllerPro/Player/Prefab using Guid(27cf871a549d44c46aac0628ff68d589) Importer(2089858483,b0f066a214c2f5e87bad3c948f4d605d) (ScriptedImporter) -> (artifact id: '73f35ea6493e9c2709ce57cd11e279f4') in 0.0074874 seconds
Number of updated asset objects reloaded before import = 0Number of asset objects unloaded after import = 1

========================================================================
Received Import Request.
  Time since last request: 0.000088 seconds.
  path: Assets/First_Person/FirstPersonControllerPro
  artifactKey: Guid(7a394eced9eeb754fbf815d8e3209a43) Importer(2089858483,b0f066a214c2f5e87bad3c948f4d605d)
Start importing Assets/First_Person/FirstPersonControllerPro using Guid(7a394eced9eeb754fbf815d8e3209a43) Importer(2089858483,b0f066a214c2f5e87bad3c948f4d605d) (ScriptedImporter) -> (artifact id: 'f9e0cc4c75f02e8f54faf3969bc059f9') in 0.0092241 seconds
Number of updated asset objects reloaded before import = 0Number of asset objects unloaded after import = 1

========================================================================
Received Import Request.
  Time since last request: 0.000033 seconds.
  path: Assets/Cielo/_AllSkyFreeDemoEnvironment
  artifactKey: Guid(4392334f044e44affbf9f5162eb718ae) Importer(2089858483,b0f066a214c2f5e87bad3c948f4d605d)
Start importing Assets/Cielo/_AllSkyFreeDemoEnvironment using Guid(4392334f044e44affbf9f5162eb718ae) Importer(2089858483,b0f066a214c2f5e87bad3c948f4d605d) (ScriptedImporter) -> (artifact id: 'a61d0d4aa4ccf4e7374aadf0b4aff201') in 0.0087284 seconds
Number of updated asset objects reloaded before import = 0Number of asset objects unloaded after import = 1

========================================================================
Received Import Request.
  Time since last request: 0.000171 seconds.
  path: Assets/Slender/Example
  artifactKey: Guid(7b4d6243c3cd46a890514d984f5134d7) Importer(2089858483,b0f066a214c2f5e87bad3c948f4d605d)
Start importing Assets/Slender/Example using Guid(7b4d6243c3cd46a890514d984f5134d7) Importer(2089858483,b0f066a214c2f5e87bad3c948f4d605d) (ScriptedImporter) -> (artifact id: '8e6ce8b0d2a0b93f24574e26a01c807e') in 0.0065771 seconds
Number of updated asset objects reloaded before import = 0Number of asset objects unloaded after import = 1

========================================================================
Received Import Request.
  Time since last request: 0.000029 seconds.
  path: Assets/Cielo/_AllSkyFreeDemoEnvironment/Materials
  artifactKey: Guid(d01d162f3fa514c82bb2896086de4bc6) Importer(2089858483,b0f066a214c2f5e87bad3c948f4d605d)
Start importing Assets/Cielo/_AllSkyFreeDemoEnvironment/Materials using Guid(d01d162f3fa514c82bb2896086de4bc6) Importer(2089858483,b0f066a214c2f5e87bad3c948f4d605d) (ScriptedImporter) -> (artifact id: '991e6f6a5dad38c72e6e220bfb774b80') in 0.0065284 seconds
Number of updated asset objects reloaded before import = 0Number of asset objects unloaded after import = 1

========================================================================
Received Import Request.
  Time since last request: 0.000041 seconds.
  path: Assets/ALP_Assets/Poplar Tree FREE/Models/Materials/BranchesPoplar001.mat
  artifactKey: Guid(506c5b7dc71cbbc468ed7a3c0fd796e4) Importer(2089858483,b0f066a214c2f5e87bad3c948f4d605d)
Start importing Assets/ALP_Assets/Poplar Tree FREE/Models/Materials/BranchesPoplar001.mat using Guid(506c5b7dc71cbbc468ed7a3c0fd796e4) Importer(2089858483,b0f066a214c2f5e87bad3c948f4d605d) (ScriptedImporter) -> (artifact id: '0cfe8d585cb1ad72dc6883c139e87b16') in 0.2069135 seconds
Number of updated asset objects reloaded before import = 0Number of asset objects unloaded after import = 2

========================================================================
Received Import Request.
  Time since last request: 0.000072 seconds.
  path: Assets/ALP_Assets/Poplar Tree FREE
  artifactKey: Guid(5940ab29e102975419588524b8041c44) Importer(2089858483,b0f066a214c2f5e87bad3c948f4d605d)
Start importing Assets/ALP_Assets/Poplar Tree FREE using Guid(5940ab29e102975419588524b8041c44) Importer(2089858483,b0f066a214c2f5e87bad3c948f4d605d) (ScriptedImporter) -> (artifact id: '4d71a8d4dbd2ef7ae5d786e10ec19687') in 0.0082309 seconds
Number of updated asset objects reloaded before import = 0Number of asset objects unloaded after import = 1

========================================================================
Received Import Request.
  Time since last request: 0.000072 seconds.
  path: Assets/ALP_Assets/Poplar Tree FREE/Shaders/ALP Cutout Translucency Wind.shader
  artifactKey: Guid(eee2400ecc6f042448341f68f711a01e) Importer(2089858483,b0f066a214c2f5e87bad3c948f4d605d)
Start importing Assets/ALP_Assets/Poplar Tree FREE/Shaders/ALP Cutout Translucency Wind.shader using Guid(eee2400ecc6f042448341f68f711a01e) Importer(2089858483,b0f066a214c2f5e87bad3c948f4d605d) (ScriptedImporter) -> (artifact id: '680bf7cecc13ba6276aa51ea42d7b878') in 0.0177708 seconds
Number of updated asset objects reloaded before import = 0Number of asset objects unloaded after import = 1

========================================================================
Received Import Request.
  Time since last request: 0.000028 seconds.
  path: Assets/First_Person/FirstPersonControllerPro/Player
  artifactKey: Guid(a36d1df1960e649428c36867a6525473) Importer(2089858483,b0f066a214c2f5e87bad3c948f4d605d)
Start importing Assets/First_Person/FirstPersonControllerPro/Player using Guid(a36d1df1960e649428c36867a6525473) Importer(2089858483,b0f066a214c2f5e87bad3c948f4d605d) (ScriptedImporter) -> (artifact id: '996b94082d9160e074afa22b8adce869') in 0.0059483 seconds
Number of updated asset objects reloaded before import = 0Number of asset objects unloaded after import = 1

========================================================================
Received Import Request.
  Time since last request: 0.000110 seconds.
  path: Assets/ALP_Assets/Poplar Tree FREE/Models/Materials/BarkPoplar001_ALP.mat
  artifactKey: Guid(c7d50899474f4334a8a8f85fbf655c57) Importer(2089858483,b0f066a214c2f5e87bad3c948f4d605d)
Start importing Assets/ALP_Assets/Poplar Tree FREE/Models/Materials/BarkPoplar001_ALP.mat using Guid(c7d50899474f4334a8a8f85fbf655c57) Importer(2089858483,b0f066a214c2f5e87bad3c948f4d605d) (ScriptedImporter) -> (artifact id: 'bc472af083f8953d4bbec0e3de748211') in 0.0818154 seconds
Number of updated asset objects reloaded before import = 0Number of asset objects unloaded after import = 3

========================================================================
Received Import Request.
  Time since last request: 0.000075 seconds.
  path: Assets/JP Environmental Asset Pack/Textures/Tree 1
  artifactKey: Guid(1cf65fc676ac48b4791a64ce628a7294) Importer(2089858483,b0f066a214c2f5e87bad3c948f4d605d)
Start importing Assets/JP Environmental Asset Pack/Textures/Tree 1 using Guid(1cf65fc676ac48b4791a64ce628a7294) Importer(2089858483,b0f066a214c2f5e87bad3c948f4d605d) (ScriptedImporter) -> (artifact id: '60e4fb808f3ec13535c3b16bfaa2344c') in 0.0056847 seconds
Number of updated asset objects reloaded before import = 0Number of asset objects unloaded after import = 1

========================================================================
Received Import Request.
  Time since last request: 0.000131 seconds.
  path: Assets/Slender/Example/Environment
  artifactKey: Guid(6d61ec9821714a95a179bf363df1c7e8) Importer(2089858483,b0f066a214c2f5e87bad3c948f4d605d)
Start importing Assets/Slender/Example/Environment using Guid(6d61ec9821714a95a179bf363df1c7e8) Importer(2089858483,b0f066a214c2f5e87bad3c948f4d605d) (ScriptedImporter) -> (artifact id: '12d37da1c738e09545568c6aab4c8e64') in 0.0053828 seconds
Number of updated asset objects reloaded before import = 0Number of asset objects unloaded after import = 1

========================================================================
Received Import Request.
  Time since last request: 0.000037 seconds.
  path: Assets/ALP_Assets/Poplar Tree FREE/Shaders
  artifactKey: Guid(d00d770fccf99b5438a6b8fd7f708bc1) Importer(2089858483,b0f066a214c2f5e87bad3c948f4d605d)
Start importing Assets/ALP_Assets/Poplar Tree FREE/Shaders using Guid(d00d770fccf99b5438a6b8fd7f708bc1) Importer(2089858483,b0f066a214c2f5e87bad3c948f4d605d) (ScriptedImporter) -> (artifact id: '8dc8ad6227031d431317c110dd857d63') in 0.0091542 seconds
Number of updated asset objects reloaded before import = 0Number of asset objects unloaded after import = 1

========================================================================
Received Import Request.
  Time since last request: 0.000033 seconds.
  path: Assets/InputSystem_Actions.inputactions
  artifactKey: Guid(052faaac586de48259a63d0c4782560b) Importer(815301076,1909f56bfc062723c751e8b465ee728b)
Start importing Assets/InputSystem_Actions.inputactions using Guid(052faaac586de48259a63d0c4782560b) Importer(815301076,1909f56bfc062723c751e8b465ee728b) (PreviewImporter) -> (artifact id: '01930f40487c8621e82f37946cdc2c76') in 0.0180037 seconds
Number of updated asset objects reloaded before import = 0Number of asset objects unloaded after import = 20

========================================================================
Received Import Request.
  Time since last request: 0.000037 seconds.
  path: Assets/JP Environmental Asset Pack/Scenes
  artifactKey: Guid(bf2d7754f82b02649bfcf41c257078cc) Importer(2089858483,b0f066a214c2f5e87bad3c948f4d605d)
Start importing Assets/JP Environmental Asset Pack/Scenes using Guid(bf2d7754f82b02649bfcf41c257078cc) Importer(2089858483,b0f066a214c2f5e87bad3c948f4d605d) (ScriptedImporter) -> (artifact id: '0b733ba02693c052895a4afa22ca9988') in 0.0053548 seconds
Number of updated asset objects reloaded before import = 0Number of asset objects unloaded after import = 1

========================================================================
Received Import Request.
  Time since last request: 0.000038 seconds.
  path: Assets/ALP_Assets
  artifactKey: Guid(2717bb8d2fdfb9c4aab316055bf5bce7) Importer(2089858483,b0f066a214c2f5e87bad3c948f4d605d)
Start importing Assets/ALP_Assets using Guid(2717bb8d2fdfb9c4aab316055bf5bce7) Importer(2089858483,b0f066a214c2f5e87bad3c948f4d605d) (ScriptedImporter) -> (artifact id: 'e2d0d48da20327bb7ad3bf82aad7bb1d') in 0.0054275 seconds
Number of updated asset objects reloaded before import = 0Number of asset objects unloaded after import = 1

========================================================================
Received Import Request.
  Time since last request: 0.000034 seconds.
  path: Assets/Settings
  artifactKey: Guid(709f11a7f3c4041caa4ef136ea32d874) Importer(2089858483,b0f066a214c2f5e87bad3c948f4d605d)
Start importing Assets/Settings using Guid(709f11a7f3c4041caa4ef136ea32d874) Importer(2089858483,b0f066a214c2f5e87bad3c948f4d605d) (ScriptedImporter) -> (artifact id: 'f7dc4f52cc0bd887d026ace95abf84e1') in 0.0059615 seconds
Number of updated asset objects reloaded before import = 0Number of asset objects unloaded after import = 1

========================================================================
Received Import Request.
  Time since last request: 0.000023 seconds.
  path: Assets/Cielo/Epic_GloriousPink
  artifactKey: Guid(edc1859f6d31046c9936ffb1609fabeb) Importer(2089858483,b0f066a214c2f5e87bad3c948f4d605d)
Start importing Assets/Cielo/Epic_GloriousPink using Guid(edc1859f6d31046c9936ffb1609fabeb) Importer(2089858483,b0f066a214c2f5e87bad3c948f4d605d) (ScriptedImporter) -> (artifact id: '6c28500f66aeccb3580029f593960699') in 0.0050885 seconds
Number of updated asset objects reloaded before import = 0Number of asset objects unloaded after import = 1

========================================================================
Received Import Request.
  Time since last request: 0.000030 seconds.
  path: Assets/ALP_Assets/GrassFlowersFREE/Textures/GrassFlowers
  artifactKey: Guid(6c0cbfdcc9b9ae64f9ddd77c2003e193) Importer(2089858483,b0f066a214c2f5e87bad3c948f4d605d)
Start importing Assets/ALP_Assets/GrassFlowersFREE/Textures/GrassFlowers using Guid(6c0cbfdcc9b9ae64f9ddd77c2003e193) Importer(2089858483,b0f066a214c2f5e87bad3c948f4d605d) (ScriptedImporter) -> (artifact id: '4c6c0bb929551b0c4a7d3da39b72b2c2') in 0.0043434 seconds
Number of updated asset objects reloaded before import = 0Number of asset objects unloaded after import = 1

========================================================================
Received Import Request.
  Time since last request: 0.000048 seconds.
  path: Assets/ALP_Assets/Poplar Tree FREE/Core/Scripts/GUI
  artifactKey: Guid(4fd24405dee864c4db7a47b44935f0ba) Importer(2089858483,b0f066a214c2f5e87bad3c948f4d605d)
Start importing Assets/ALP_Assets/Poplar Tree FREE/Core/Scripts/GUI using Guid(4fd24405dee864c4db7a47b44935f0ba) Importer(2089858483,b0f066a214c2f5e87bad3c948f4d605d) (ScriptedImporter) -> (artifact id: '738e5943a76ffe12fe83d4c25c29fbdd') in 0.005539 seconds
Number of updated asset objects reloaded before import = 0Number of asset objects unloaded after import = 1

========================================================================
Received Import Request.
  Time since last request: 0.000025 seconds.
  path: Assets/ALP_Assets/Poplar Tree FREE/Graphics Settings.rtf
  artifactKey: Guid(ebcd90e0c67475144957e38923f1c068) Importer(2089858483,b0f066a214c2f5e87bad3c948f4d605d)
Start importing Assets/ALP_Assets/Poplar Tree FREE/Graphics Settings.rtf using Guid(ebcd90e0c67475144957e38923f1c068) Importer(2089858483,b0f066a214c2f5e87bad3c948f4d605d) (ScriptedImporter) -> (artifact id: 'b2653a607b9289022cda7aa0b93cba8b') in 0.0068099 seconds
Number of updated asset objects reloaded before import = 0Number of asset objects unloaded after import = 1

========================================================================
Received Import Request.
  Time since last request: 0.000033 seconds.
  path: Assets/First_Person/FirstPersonControllerPro/Scripts/VisualEffects
  artifactKey: Guid(5712794e31637ae4a8cbe96aefb72e65) Importer(2089858483,b0f066a214c2f5e87bad3c948f4d605d)
Start importing Assets/First_Person/FirstPersonControllerPro/Scripts/VisualEffects using Guid(5712794e31637ae4a8cbe96aefb72e65) Importer(2089858483,b0f066a214c2f5e87bad3c948f4d605d) (ScriptedImporter) -> (artifact id: 'b9b2256f6c26ea750ed3d4bacf6a29ed') in 0.0058274 seconds
Number of updated asset objects reloaded before import = 0Number of asset objects unloaded after import = 1

========================================================================
Received Import Request.
  Time since last request: 0.000052 seconds.
  path: Assets/TerrainData_34dc4edf-f3c5-439c-9d58-814937914a72.asset
  artifactKey: Guid(0fbd1a9d8c1c72141aa39d2fa5e6a668) Importer(815301076,1909f56bfc062723c751e8b465ee728b)
Start importing Assets/TerrainData_34dc4edf-f3c5-439c-9d58-814937914a72.asset using Guid(0fbd1a9d8c1c72141aa39d2fa5e6a668) Importer(815301076,1909f56bfc062723c751e8b465ee728b) (PreviewImporter) -> (artifact id: '40def88a39bd12cd373e7ed66c29073c') in 0.0074649 seconds
Number of updated asset objects reloaded before import = 0Number of asset objects unloaded after import = 1

========================================================================
Received Import Request.
  Time since last request: 0.000041 seconds.
  path: Assets/Slender/Example/Environment/Standard Assets
  artifactKey: Guid(b0710535ba79453da2cce29a8bc31fec) Importer(2089858483,b0f066a214c2f5e87bad3c948f4d605d)
Start importing Assets/Slender/Example/Environment/Standard Assets using Guid(b0710535ba79453da2cce29a8bc31fec) Importer(2089858483,b0f066a214c2f5e87bad3c948f4d605d) (ScriptedImporter) -> (artifact id: '053884e0c9b2d6d904cdd9e2d74bc7e6') in 0.0077963 seconds
Number of updated asset objects reloaded before import = 0Number of asset objects unloaded after import = 1

========================================================================
Received Import Request.
  Time since last request: 0.000037 seconds.
  path: Assets/ALP_Assets/Poplar Tree FREE/Core
  artifactKey: Guid(b1774a3e31ce8254f860c3a3724de5d1) Importer(2089858483,b0f066a214c2f5e87bad3c948f4d605d)
Start importing Assets/ALP_Assets/Poplar Tree FREE/Core using Guid(b1774a3e31ce8254f860c3a3724de5d1) Importer(2089858483,b0f066a214c2f5e87bad3c948f4d605d) (ScriptedImporter) -> (artifact id: '764fee070a5ce28a84bf25f10505bd34') in 0.0095062 seconds
Number of updated asset objects reloaded before import = 0Number of asset objects unloaded after import = 1

========================================================================
Received Import Request.
  Time since last request: 0.000024 seconds.
  path: Assets/ALP_Assets/Poplar Tree FREE/Core/Scripts/Controller/ALP8310_ControllerGlobal.asmdef
  artifactKey: Guid(36f134f332fcb71438aafca1e1673ead) Importer(2089858483,b0f066a214c2f5e87bad3c948f4d605d)
Start importing Assets/ALP_Assets/Poplar Tree FREE/Core/Scripts/Controller/ALP8310_ControllerGlobal.asmdef using Guid(36f134f332fcb71438aafca1e1673ead) Importer(2089858483,b0f066a214c2f5e87bad3c948f4d605d) (ScriptedImporter) -> (artifact id: '9bbdfb15acb27cb02385ad721093834b') in 0.0115761 seconds
Number of updated asset objects reloaded before import = 0Number of asset objects unloaded after import = 1

========================================================================
Received Import Request.
  Time since last request: 0.000038 seconds.
  path: Assets/ALP_Assets/Poplar Tree FREE/Core/Scripts/Controller/ALP8310_ControllerStyle.cs
  artifactKey: Guid(18cb50a63ade4574ca3320c8680b9175) Importer(2089858483,b0f066a214c2f5e87bad3c948f4d605d)
Start importing Assets/ALP_Assets/Poplar Tree FREE/Core/Scripts/Controller/ALP8310_ControllerStyle.cs using Guid(18cb50a63ade4574ca3320c8680b9175) Importer(2089858483,b0f066a214c2f5e87bad3c948f4d605d) (ScriptedImporter) -> (artifact id: '74c548f5f2526125bfbade91e74ae824') in 0.0248091 seconds
Number of updated asset objects reloaded before import = 0Number of asset objects unloaded after import = 0

========================================================================
Received Import Request.
  Time since last request: 0.000062 seconds.
  path: Assets/Cielo/Overcast Low
  artifactKey: Guid(63e1d590517f54841ad8cf519edf1256) Importer(2089858483,b0f066a214c2f5e87bad3c948f4d605d)
Start importing Assets/Cielo/Overcast Low using Guid(63e1d590517f54841ad8cf519edf1256) Importer(2089858483,b0f066a214c2f5e87bad3c948f4d605d) (ScriptedImporter) -> (artifact id: 'be50aa9cccf07d70c21e73e0c478a3de') in 0.0050534 seconds
Number of updated asset objects reloaded before import = 0Number of asset objects unloaded after import = 1

========================================================================
Received Import Request.
  Time since last request: 0.000039 seconds.
  path: Assets/Slender/Example/Environment/Scripts
  artifactKey: Guid(928472f88c52429aa55923e6fc932ac5) Importer(2089858483,b0f066a214c2f5e87bad3c948f4d605d)
Start importing Assets/Slender/Example/Environment/Scripts using Guid(928472f88c52429aa55923e6fc932ac5) Importer(2089858483,b0f066a214c2f5e87bad3c948f4d605d) (ScriptedImporter) -> (artifact id: '66ac8579ecd4b9b4d8b984c80966088e') in 0.0077351 seconds
Number of updated asset objects reloaded before import = 0Number of asset objects unloaded after import = 1

========================================================================
Received Import Request.
  Time since last request: 0.000027 seconds.
  path: Assets/First_Person/FirstPersonControllerPro/Scripts/PlayerSystem
  artifactKey: Guid(d35f086e05c414d42bed091d3366d4a3) Importer(2089858483,b0f066a214c2f5e87bad3c948f4d605d)
Start importing Assets/First_Person/FirstPersonControllerPro/Scripts/PlayerSystem using Guid(d35f086e05c414d42bed091d3366d4a3) Importer(2089858483,b0f066a214c2f5e87bad3c948f4d605d) (ScriptedImporter) -> (artifact id: 'e87a2f2ab8c788a66f360a23d0139c10') in 0.0053154 seconds
Number of updated asset objects reloaded before import = 0Number of asset objects unloaded after import = 1

========================================================================
Received Import Request.
  Time since last request: 0.000030 seconds.
  path: Assets/ALP_Assets/Poplar Tree FREE/Core/Scripts/Global Lighting
  artifactKey: Guid(545c19f3958e0f343961df7a0054a987) Importer(2089858483,b0f066a214c2f5e87bad3c948f4d605d)
Start importing Assets/ALP_Assets/Poplar Tree FREE/Core/Scripts/Global Lighting using Guid(545c19f3958e0f343961df7a0054a987) Importer(2089858483,b0f066a214c2f5e87bad3c948f4d605d) (ScriptedImporter) -> (artifact id: '1bfcf14786f5606d8e295eb1be40daee') in 0.0052469 seconds
Number of updated asset objects reloaded before import = 0Number of asset objects unloaded after import = 1

========================================================================
Received Import Request.
  Time since last request: 0.000042 seconds.
  path: Assets
  artifactKey: Guid(00000000000000001000000000000000) Importer(2089858483,b0f066a214c2f5e87bad3c948f4d605d)
Start importing Assets using Guid(00000000000000001000000000000000) Importer(2089858483,b0f066a214c2f5e87bad3c948f4d605d) (ScriptedImporter) -> (artifact id: '75b9fd2b2f965633da4af41c47d7e6bf') in 0.0054396 seconds
Number of updated asset objects reloaded before import = 0Number of asset objects unloaded after import = 1

========================================================================
Received Import Request.
  Time since last request: 0.000032 seconds.
  path: Assets/TutorialInfo
  artifactKey: Guid(ba062aa6c92b140379dbc06b43dd3b9b) Importer(2089858483,b0f066a214c2f5e87bad3c948f4d605d)
Start importing Assets/TutorialInfo using Guid(ba062aa6c92b140379dbc06b43dd3b9b) Importer(2089858483,b0f066a214c2f5e87bad3c948f4d605d) (ScriptedImporter) -> (artifact id: 'f05c3f7a8bae90fcd3284ab00ad6f758') in 0.0083959 seconds
Number of updated asset objects reloaded before import = 0Number of asset objects unloaded after import = 1

========================================================================
Received Import Request.
  Time since last request: 0.000027 seconds.
  path: Assets/ALP_Assets/Poplar Tree FREE/Shaders/ALP Surface Detail Wind.shader
  artifactKey: Guid(0cfef65042c2e4941b0639ecee9b9f7f) Importer(2089858483,b0f066a214c2f5e87bad3c948f4d605d)
Start importing Assets/ALP_Assets/Poplar Tree FREE/Shaders/ALP Surface Detail Wind.shader using Guid(0cfef65042c2e4941b0639ecee9b9f7f) Importer(2089858483,b0f066a214c2f5e87bad3c948f4d605d) (ScriptedImporter) -> (artifact id: '23e4b2b59e5b864d7395777f30f40e3f') in 0.0137308 seconds
Number of updated asset objects reloaded before import = 0Number of asset objects unloaded after import = 1

========================================================================
Received Import Request.
  Time since last request: 0.000042 seconds.
  path: Assets/Cielo/Night MoonBurst
  artifactKey: Guid(26e352704e0b94af78a547c6d44125d9) Importer(2089858483,b0f066a214c2f5e87bad3c948f4d605d)
Start importing Assets/Cielo/Night MoonBurst using Guid(26e352704e0b94af78a547c6d44125d9) Importer(2089858483,b0f066a214c2f5e87bad3c948f4d605d) (ScriptedImporter) -> (artifact id: '8badb2d35b7c754e751a1188e2e13f7c') in 0.0069753 seconds
Number of updated asset objects reloaded before import = 0Number of asset objects unloaded after import = 1

========================================================================
Received Import Request.
  Time since last request: 0.000043 seconds.
  path: Assets/New Terrain.asset
  artifactKey: Guid(156fa44c467dc2e48aa7f56bb0fc5545) Importer(815301076,1909f56bfc062723c751e8b465ee728b)
Start importing Assets/New Terrain.asset using Guid(156fa44c467dc2e48aa7f56bb0fc5545) Importer(815301076,1909f56bfc062723c751e8b465ee728b) (PreviewImporter) -> (artifact id: '868ff0a7032c79e3a5c1f0848f747b99') in 0.2572836 seconds
Number of updated asset objects reloaded before import = 0Number of asset objects unloaded after import = 8

========================================================================
Received Import Request.
  Time since last request: 0.000045 seconds.
  path: Assets/ALP_Assets/Poplar Tree FREE/Shaders/ALP Billboard Cross Wind.shader
  artifactKey: Guid(c271d8d8e9a857d489348a894266272e) Importer(2089858483,b0f066a214c2f5e87bad3c948f4d605d)
Start importing Assets/ALP_Assets/Poplar Tree FREE/Shaders/ALP Billboard Cross Wind.shader using Guid(c271d8d8e9a857d489348a894266272e) Importer(2089858483,b0f066a214c2f5e87bad3c948f4d605d) (ScriptedImporter) -> (artifact id: '3a838e1a0ddf8b5e126c4eca1f890f23') in 0.0085743 seconds
Number of updated asset objects reloaded before import = 0Number of asset objects unloaded after import = 1

========================================================================
Received Import Request.
  Time since last request: 0.000043 seconds.
  path: Assets/JP Environmental Asset Pack/Textures/Tree 2
  artifactKey: Guid(18010909562623649a9de892e433c876) Importer(2089858483,b0f066a214c2f5e87bad3c948f4d605d)
Start importing Assets/JP Environmental Asset Pack/Textures/Tree 2 using Guid(18010909562623649a9de892e433c876) Importer(2089858483,b0f066a214c2f5e87bad3c948f4d605d) (ScriptedImporter) -> (artifact id: 'ec0d9e37dd17e35ec32f9646e61bcbec') in 0.0054038 seconds
Number of updated asset objects reloaded before import = 0Number of asset objects unloaded after import = 1

========================================================================
Received Import Request.
  Time since last request: 0.000031 seconds.
  path: Assets/ALP_Assets/GrassFlowersFREE/Textures/Ground
  artifactKey: Guid(1778770213e6d284eafc7eaa31ef8f4c) Importer(2089858483,b0f066a214c2f5e87bad3c948f4d605d)
Start importing Assets/ALP_Assets/GrassFlowersFREE/Textures/Ground using Guid(1778770213e6d284eafc7eaa31ef8f4c) Importer(2089858483,b0f066a214c2f5e87bad3c948f4d605d) (ScriptedImporter) -> (artifact id: '3fd379b8c65581f34bd76b767a573ca4') in 0.0046157 seconds
Number of updated asset objects reloaded before import = 0Number of asset objects unloaded after import = 1

========================================================================
Received Import Request.
  Time since last request: 0.000027 seconds.
  path: Assets/Slender/Slender
  artifactKey: Guid(f60e9a2c37c147519c79b944310b477a) Importer(2089858483,b0f066a214c2f5e87bad3c948f4d605d)
Start importing Assets/Slender/Slender using Guid(f60e9a2c37c147519c79b944310b477a) Importer(2089858483,b0f066a214c2f5e87bad3c948f4d605d) (ScriptedImporter) -> (artifact id: '127ae34b8856611749731eaf007e1808') in 0.0088709 seconds
Number of updated asset objects reloaded before import = 0Number of asset objects unloaded after import = 1

========================================================================
Received Import Request.
  Time since last request: 0.000030 seconds.
  path: Assets/Slender/Example/Environment/Standard Assets/Effects/ImageEffects/Shaders
  artifactKey: Guid(99d914c8ed9d4be98a9059c358d681b8) Importer(2089858483,b0f066a214c2f5e87bad3c948f4d605d)
Start importing Assets/Slender/Example/Environment/Standard Assets/Effects/ImageEffects/Shaders using Guid(99d914c8ed9d4be98a9059c358d681b8) Importer(2089858483,b0f066a214c2f5e87bad3c948f4d605d) (ScriptedImporter) -> (artifact id: '6c23d1208664a2eb460e3c2cf5013285') in 0.0053891 seconds
Number of updated asset objects reloaded before import = 0Number of asset objects unloaded after import = 1

========================================================================
Received Import Request.
  Time since last request: 0.000048 seconds.
  path: Assets/ALP_Assets/Poplar Tree FREE/Core/Scripts
  artifactKey: Guid(833a76ce83d446b48aca0544f731e2c6) Importer(2089858483,b0f066a214c2f5e87bad3c948f4d605d)
Start importing Assets/ALP_Assets/Poplar Tree FREE/Core/Scripts using Guid(833a76ce83d446b48aca0544f731e2c6) Importer(2089858483,b0f066a214c2f5e87bad3c948f4d605d) (ScriptedImporter) -> (artifact id: '4510461f729d3fe4f737a003d4f8508a') in 0.0053549 seconds
Number of updated asset objects reloaded before import = 0Number of asset objects unloaded after import = 1

========================================================================
Received Import Request.
  Time since last request: 0.000033 seconds.
  path: Assets/ALP_Assets/Poplar Tree FREE/Models/Materials/Poplar001_Billboard_ALP.mat
  artifactKey: Guid(25e92fb83579e7b49badbd1b44ce69a3) Importer(2089858483,b0f066a214c2f5e87bad3c948f4d605d)
Start importing Assets/ALP_Assets/Poplar Tree FREE/Models/Materials/Poplar001_Billboard_ALP.mat using Guid(25e92fb83579e7b49badbd1b44ce69a3) Importer(2089858483,b0f066a214c2f5e87bad3c948f4d605d) (ScriptedImporter) -> (artifact id: 'dbe41943bfd01de694b759163cc7d957') in 0.0095403 seconds
Number of updated asset objects reloaded before import = 0Number of asset objects unloaded after import = 1

========================================================================
Received Import Request.
  Time since last request: 0.000021 seconds.
  path: Assets/JP Environmental Asset Pack
  artifactKey: Guid(80bbd4ef28f32424bbc4718f66bb7215) Importer(2089858483,b0f066a214c2f5e87bad3c948f4d605d)
Start importing Assets/JP Environmental Asset Pack using Guid(80bbd4ef28f32424bbc4718f66bb7215) Importer(2089858483,b0f066a214c2f5e87bad3c948f4d605d) (ScriptedImporter) -> (artifact id: '4dee20351937c7b03df9c66f0de1d031') in 0.0068049 seconds
Number of updated asset objects reloaded before import = 0Number of asset objects unloaded after import = 1

========================================================================
Received Import Request.
  Time since last request: 0.000029 seconds.
  path: Assets/Slender/Slender/Materials/Materials
  artifactKey: Guid(b2d2a647ed3058b4f84a91dcfe311102) Importer(2089858483,b0f066a214c2f5e87bad3c948f4d605d)
Start importing Assets/Slender/Slender/Materials/Materials using Guid(b2d2a647ed3058b4f84a91dcfe311102) Importer(2089858483,b0f066a214c2f5e87bad3c948f4d605d) (ScriptedImporter) -> (artifact id: '9c0c45ba0c5fb1968e8da632eb0281c0') in 0.0051362 seconds
Number of updated asset objects reloaded before import = 0Number of asset objects unloaded after import = 1

========================================================================
Received Import Request.
  Time since last request: 0.000035 seconds.
  path: Assets/ALP_Assets/Poplar Tree FREE/Models/Materials/BranchesPoplar001_ALP.mat
  artifactKey: Guid(066670baf6763f841b499709e1f5cc2f) Importer(2089858483,b0f066a214c2f5e87bad3c948f4d605d)
Start importing Assets/ALP_Assets/Poplar Tree FREE/Models/Materials/BranchesPoplar001_ALP.mat using Guid(066670baf6763f841b499709e1f5cc2f) Importer(2089858483,b0f066a214c2f5e87bad3c948f4d605d) (ScriptedImporter) -> (artifact id: '2eb9e33b381d9acd098d7977a7618c11') in 0.0678561 seconds
Number of updated asset objects reloaded before import = 0Number of asset objects unloaded after import = 3

========================================================================
Received Import Request.
  Time since last request: 0.000064 seconds.
  path: Assets/First_Person
  artifactKey: Guid(b416fc0a8f79f0b4bb1730db6d358438) Importer(2089858483,b0f066a214c2f5e87bad3c948f4d605d)
Start importing Assets/First_Person using Guid(b416fc0a8f79f0b4bb1730db6d358438) Importer(2089858483,b0f066a214c2f5e87bad3c948f4d605d) (ScriptedImporter) -> (artifact id: '26bf19d2f722da992076676c62581187') in 0.0063201 seconds
Number of updated asset objects reloaded before import = 0Number of asset objects unloaded after import = 1

========================================================================
Received Import Request.
  Time since last request: 503.615350 seconds.
  path: Assets/Slender/Slender/Animations/Slender.controller
  artifactKey: Guid(727c5ee11e9e413fa17bba52ac4dca41) Importer(815301076,1909f56bfc062723c751e8b465ee728b)
Start importing Assets/Slender/Slender/Animations/Slender.controller using Guid(727c5ee11e9e413fa17bba52ac4dca41) Importer(815301076,1909f56bfc062723c751e8b465ee728b) (PreviewImporter) -> (artifact id: '68f894b6a548969fb2a491118e843af3') in 0.2062257 seconds
Number of updated asset objects reloaded before import = 0Number of asset objects unloaded after import = 14

